test_all_phase_total_row_cap_is_enforced (test_engine_limits.EngineLimitContract.test_all_phase_total_row_cap_is_enforced) ... ok
test_all_required_failure_query_frames_survive_small_budget (test_engine_limits.EngineLimitContract.test_all_required_failure_query_frames_survive_small_budget) ... ok
test_exact_row_and_value_boundaries_succeed (test_engine_limits.EngineLimitContract.test_exact_row_and_value_boundaries_succeed) ... ok
test_native_process_resource_limits_are_installed (test_engine_limits.EngineLimitContract.test_native_process_resource_limits_are_installed) ... ok
test_nested_protocol_corruption_is_worker_error (test_engine_limits.EngineLimitContract.test_nested_protocol_corruption_is_worker_error) ... ok
test_parent_wall_deadline_is_observed_and_workspace_cleaned (test_engine_limits.EngineLimitContract.test_parent_wall_deadline_is_observed_and_workspace_cleaned) ... ok
test_schema_object_limit_prevents_complete_baseline (test_engine_limits.EngineLimitContract.test_schema_object_limit_prevents_complete_baseline) ... ok
test_source_schema_is_guarded_before_application_statements (test_engine_limits.EngineLimitContract.test_source_schema_is_guarded_before_application_statements) ... ok
test_source_sidecar_or_hardlink_is_refused (test_engine_limits.EngineLimitContract.test_source_sidecar_or_hardlink_is_refused) ... ok
test_table_limit_prevents_complete_baseline (test_engine_limits.EngineLimitContract.test_table_limit_prevents_complete_baseline) ... ok
test_typed_value_validation_rejects_ambiguous_encodings (test_engine_limits.EngineLimitContract.test_typed_value_validation_rejects_ambiguous_encodings) ... ok
test_unexpected_death_is_worker_error_not_guessed_resource (test_engine_limits.EngineLimitContract.test_unexpected_death_is_worker_error_not_guessed_resource) ... ok
test_wide_without_rowid_expression_index_metadata_is_complete (test_engine_limits.EngineLimitContract.test_wide_without_rowid_expression_index_metadata_is_complete) ... FAIL

======================================================================
FAIL: test_wide_without_rowid_expression_index_metadata_is_complete (test_engine_limits.EngineLimitContract.test_wide_without_rowid_expression_index_metadata_is_complete)
----------------------------------------------------------------------
Traceback (most recent call last):
  File "[workspace]/sqlitefolio/tests/test_engine_limits.py", line 30, in test_wide_without_rowid_expression_index_metadata_is_complete
    self.assertEqual("completed", result["execution"]["status"], result["execution"])
AssertionError: 'completed' != 'resource_limit'
- completed
+ resource_limit
 : {'error': {'kind': 'resource_limit', 'message': 'Native metadata row budget exceeded', 'sqlite_code': None, 'sqlite_name': None}, 'foreign_keys_end': None, 'foreign_keys_start': True, 'in_transaction': None, 'status': 'resource_limit'}

----------------------------------------------------------------------
Ran 13 tests in 2.310s

FAILED (failures=1)
