test_closed_stdout_keeps_published_packet (test_cli_packet.CLIPacketTests.test_closed_stdout_keeps_published_packet) ... ok
test_database_inclusion_opt_in (test_cli_packet.CLIPacketTests.test_database_inclusion_opt_in) ... ok
test_full_sql_journey (test_cli_packet.CLIPacketTests.test_full_sql_journey) ... ok
test_open_transaction_and_preservation (test_cli_packet.CLIPacketTests.test_open_transaction_and_preservation) ... ok
test_replay_changed_sql (test_cli_packet.CLIPacketTests.test_replay_changed_sql) ... ok
test_requires_explicit_trust (test_cli_packet.CLIPacketTests.test_requires_explicit_trust) ... ok
test_boolean_contract (test_contract_paths.ContractTests.test_boolean_contract) ... ok
test_counts_and_limits (test_contract_paths.ContractTests.test_counts_and_limits) ... ok
test_duplicate_keys (test_contract_paths.ContractTests.test_duplicate_keys) ... ok
test_duplicate_names_and_source_choice (test_contract_paths.ContractTests.test_duplicate_names_and_source_choice) ... ok
test_invalid_utf8_nonfinite (test_contract_paths.ContractTests.test_invalid_utf8_nonfinite) ... ok
test_typed_expectations (test_contract_paths.ContractTests.test_typed_expectations) ... ok
test_unequal_width_paths (test_contract_paths.ContractTests.test_unequal_width_paths) ... ok
test_unknown_nested (test_contract_paths.ContractTests.test_unknown_nested) ... ok
test_valid_defaults (test_contract_paths.ContractTests.test_valid_defaults) ... ok
test_expected_count_above_observation_bound_is_valid_false_check (test_contract_paths.CountExpectationTests.test_expected_count_above_observation_bound_is_valid_false_check) ... ok
test_database_sidecar_and_header (test_contract_paths.PathsTests.test_database_sidecar_and_header) ... ok
test_hardlink_and_symlink (test_contract_paths.PathsTests.test_hardlink_and_symlink) ... ok
test_missing_and_sql_utf8 (test_contract_paths.PathsTests.test_missing_and_sql_utf8) ... ok
test_no_clobber_source_or_ancestor (test_contract_paths.PathsTests.test_no_clobber_source_or_ancestor) ... ok
test_preserves_and_normalizes (test_contract_paths.PathsTests.test_preserves_and_normalizes) ... ok
test_source_changes_detected (test_contract_paths.PathsTests.test_source_changes_detected) ... ok
test_symlink_output_ancestor_and_nonexistent_parent (test_contract_paths.PathsTests.test_symlink_output_ancestor_and_nonexistent_parent) ... ok
test_alter_table_rename_column_and_drop_preserve_supported_behavior (test_engine.EngineContract.test_alter_table_rename_column_and_drop_preserve_supported_behavior) ... ok
test_as_written_partial_autocommit_survives_sqlite_error (test_engine.EngineContract.test_as_written_partial_autocommit_survives_sqlite_error) ... ok
test_complete_structured_schema_generated_columns_indexes_views_sequences (test_engine.EngineContract.test_complete_structured_schema_generated_columns_indexes_views_sequences) ... ok
test_database_source_bytes_and_directory_untouched (test_engine.EngineContract.test_database_source_bytes_and_directory_untouched) ... ok
test_evidence_budget_cannot_produce_complete_snapshot (test_engine.EngineContract.test_evidence_budget_cannot_produce_complete_snapshot) ... ok
test_existing_virtual_source_is_unsupported (test_engine.EngineContract.test_existing_virtual_source_is_unsupported) ... ok
test_failed_query_is_explicit_in_each_phase (test_engine.EngineContract.test_failed_query_is_explicit_in_each_phase) ... ok
test_forbidden_features_are_refused_before_side_effects (test_engine.EngineContract.test_forbidden_features_are_refused_before_side_effects) ... ok
test_foreign_key_profile_and_mode_changes_are_observed (test_engine.EngineContract.test_foreign_key_profile_and_mode_changes_are_observed) ... ok
test_invariant_dml_and_pragma_writes_cannot_mutate (test_engine.EngineContract.test_invariant_dml_and_pragma_writes_cannot_mutate) ... ok
test_native_migration_error_survives_lower_priority_snapshot_refusal (test_engine.EngineContract.test_native_migration_error_survives_lower_priority_snapshot_refusal) ... ok
test_open_transaction_observed_and_reopened_are_distinct (test_engine.EngineContract.test_open_transaction_observed_and_reopened_are_distinct) ... ok
test_qualified_runtime_is_recorded_by_worker (test_engine.EngineContract.test_qualified_runtime_is_recorded_by_worker) ... ok
test_query_facts_capture_all_three_phases_and_order (test_engine.EngineContract.test_query_facts_capture_all_three_phases_and_order) ... ok
test_query_row_limit_is_incomplete (test_engine.EngineContract.test_query_row_limit_is_incomplete) ... ok
test_read_only_metadata_pragmas_are_supported (test_engine.EngineContract.test_read_only_metadata_pragmas_are_supported) ... ok
test_request_cannot_supply_worker_commands_or_callbacks (test_engine.EngineContract.test_request_cannot_supply_worker_commands_or_callbacks) ... ok
test_row_limit_is_incomplete_not_empty_success (test_engine.EngineContract.test_row_limit_is_incomplete_not_empty_success) ... ok
test_same_source_has_identical_before_facts (test_engine.EngineContract.test_same_source_has_identical_before_facts) ... ok
test_source_connection_pragma_changes_do_not_change_candidate_profile (test_engine.EngineContract.test_source_connection_pragma_changes_do_not_change_candidate_profile) ... ok
test_source_scripts_cannot_leave_transactions_open (test_engine.EngineContract.test_source_scripts_cannot_leave_transactions_open) ... ok
test_sqlite_error_has_priority_over_open_transaction (test_engine.EngineContract.test_sqlite_error_has_priority_over_open_transaction) ... ok
test_typed_values_duplicates_invalid_utf8_and_infinities_are_lossless (test_engine.EngineContract.test_typed_values_duplicates_invalid_utf8_and_infinities_are_lossless) ... ok
test_value_size_is_checked_before_accumulating (test_engine.EngineContract.test_value_size_is_checked_before_accumulating) ... ok
test_vm_budget_is_resource_limit_not_sqlite_error (test_engine.EngineContract.test_vm_budget_is_resource_limit_not_sqlite_error) ... ok
test_worker_records_exact_python_build_implementation_and_machine (test_engine.EngineContract.test_worker_records_exact_python_build_implementation_and_machine) ... ok
test_all_phase_total_row_cap_is_enforced (test_engine_limits.EngineLimitContract.test_all_phase_total_row_cap_is_enforced) ... ok
test_all_required_failure_query_frames_survive_small_budget (test_engine_limits.EngineLimitContract.test_all_required_failure_query_frames_survive_small_budget) ... ok
test_exact_row_and_value_boundaries_succeed (test_engine_limits.EngineLimitContract.test_exact_row_and_value_boundaries_succeed) ... ok
test_native_process_resource_limits_are_installed (test_engine_limits.EngineLimitContract.test_native_process_resource_limits_are_installed) ... ok
test_nested_protocol_corruption_is_worker_error (test_engine_limits.EngineLimitContract.test_nested_protocol_corruption_is_worker_error) ... ok
test_parent_wall_deadline_is_observed_and_workspace_cleaned (test_engine_limits.EngineLimitContract.test_parent_wall_deadline_is_observed_and_workspace_cleaned) ... ok
test_runtime_profile_closes_its_native_connection (test_engine_limits.EngineLimitContract.test_runtime_profile_closes_its_native_connection) ... ok
test_schema_object_limit_prevents_complete_baseline (test_engine_limits.EngineLimitContract.test_schema_object_limit_prevents_complete_baseline) ... ok
test_source_schema_is_guarded_before_application_statements (test_engine_limits.EngineLimitContract.test_source_schema_is_guarded_before_application_statements) ... ok
test_source_sidecar_or_hardlink_is_refused (test_engine_limits.EngineLimitContract.test_source_sidecar_or_hardlink_is_refused) ... ok
test_table_limit_prevents_complete_baseline (test_engine_limits.EngineLimitContract.test_table_limit_prevents_complete_baseline) ... ok
test_typed_value_validation_rejects_ambiguous_encodings (test_engine_limits.EngineLimitContract.test_typed_value_validation_rejects_ambiguous_encodings) ... ok
test_unexpected_death_is_worker_error_not_guessed_resource (test_engine_limits.EngineLimitContract.test_unexpected_death_is_worker_error_not_guessed_resource) ... ok
test_wide_without_rowid_expression_index_metadata_is_complete (test_engine_limits.EngineLimitContract.test_wide_without_rowid_expression_index_metadata_is_complete) ... ok
test_baseline_limit_cannot_leave_open_transaction_with_an_error (test_engine_review.EngineIndependentReview.test_baseline_limit_cannot_leave_open_transaction_with_an_error) ... ok
test_baseline_limit_open_transaction_packet_verifies_as_nonpassing (test_engine_review.EngineIndependentReview.test_baseline_limit_open_transaction_packet_verifies_as_nonpassing) ... ok
test_internal_error_minimal_envelope_survives_lowered_evidence_cap (test_engine_review.EngineIndependentReview.test_internal_error_minimal_envelope_survives_lowered_evidence_cap) ... ok
test_optional_query_equals_baseline_limit_does_not_block_pass (test_engine_review.EngineIndependentReview.test_optional_query_equals_baseline_limit_does_not_block_pass) ... ok
test_unexpected_query_observation_failure_remains_internal_error (test_engine_review.EngineIndependentReview.test_unexpected_query_observation_failure_remains_internal_error) ... ok
test_consistent_fabrication_can_verify_but_source_bound_replay_rejects_it (test_independent_semantics.IndependentPacketBoundaryTests.test_consistent_fabrication_can_verify_but_source_bound_replay_rejects_it) ... ok
test_exact_retained_sql_bytes_are_checked (test_independent_semantics.IndependentPacketBoundaryTests.test_exact_retained_sql_bytes_are_checked) ... ok
test_real_incomplete_packet_is_consistent_but_never_zero_exit (test_independent_semantics.IndependentPacketBoundaryTests.test_real_incomplete_packet_is_consistent_but_never_zero_exit) ... ok
test_rehashed_false_summary_is_rejected_even_with_matching_html (test_independent_semantics.IndependentPacketBoundaryTests.test_rehashed_false_summary_is_rejected_even_with_matching_html) ... ok
test_rehashed_retained_sql_is_not_authentication_and_replay_rejects_substitution (test_independent_semantics.IndependentPacketBoundaryTests.test_rehashed_retained_sql_is_not_authentication_and_replay_rejects_substitution) ... ok
test_replay_binds_exact_original_sql_even_for_identical_after_state (test_independent_semantics.IndependentPacketBoundaryTests.test_replay_binds_exact_original_sql_even_for_identical_after_state) ... ok
test_replay_binds_recorded_runtime_facts (test_independent_semantics.IndependentPacketBoundaryTests.test_replay_binds_recorded_runtime_facts) ... ok
test_replay_binds_source_bytes_even_if_sample_rows_are_unchanged (test_independent_semantics.IndependentPacketBoundaryTests.test_replay_binds_source_bytes_even_if_sample_rows_are_unchanged) ... ok
test_stale_raw_fact_change_is_rejected (test_independent_semantics.IndependentPacketBoundaryTests.test_stale_raw_fact_change_is_rejected) ... ok
test_24_original_executions_match_every_native_fact_and_check (test_independent_semantics.IndependentReferenceTests.test_24_original_executions_match_every_native_fact_and_check) ... ok
test_all_frozen_auxiliary_live_and_reopened_observations_are_validated (test_independent_semantics.IndependentReferenceTests.test_all_frozen_auxiliary_live_and_reopened_observations_are_validated) ... ok
test_handwritten_additional_predictions_are_checked_without_rewriting_them (test_independent_semantics.IndependentReferenceTests.test_handwritten_additional_predictions_are_checked_without_rewriting_them) ... ok
test_oracle_keeps_blob_and_invalid_utf8_text_distinct (test_independent_semantics.IndependentReferenceTests.test_oracle_keeps_blob_and_invalid_utf8_text_distinct) ... ok
test_oracle_records_open_transaction_and_reopened_rollback_separately (test_independent_semantics.IndependentReferenceTests.test_oracle_records_open_transaction_and_reopened_rollback_separately) ... ok
test_oracle_retains_duplicate_multiplicity_and_projection_boundary (test_independent_semantics.IndependentReferenceTests.test_oracle_retains_duplicate_multiplicity_and_projection_boundary) ... ok
test_original_frozen_12_cases_and_30_checks_remain_byte_frozen (test_independent_semantics.IndependentReferenceTests.test_original_frozen_12_cases_and_30_checks_remain_byte_frozen) ... ok
test_schema_seed_connection_settings_do_not_leak_to_candidate (test_independent_semantics.IndependentReferenceTests.test_schema_seed_connection_settings_do_not_leak_to_candidate) ... ok
test_coordinator_refuses_accumulation_before_next_candidate (test_output_review.OutputBoundaryReviewTests.test_coordinator_refuses_accumulation_before_next_candidate) ... ok
test_incomplete_report_does_not_call_its_raw_snapshots_complete (test_output_review.OutputBoundaryReviewTests.test_incomplete_report_does_not_call_its_raw_snapshots_complete) ... ok
test_input_lexical_symlink_before_dotdot_is_rejected (test_output_review.OutputBoundaryReviewTests.test_input_lexical_symlink_before_dotdot_is_rejected) ... ok
test_inspect_does_not_emit_report_replaced_after_verification (test_output_review.OutputBoundaryReviewTests.test_inspect_does_not_emit_report_replaced_after_verification) ... ok
test_output_lexical_symlink_before_dotdot_is_rejected_before_writes (test_output_review.OutputBoundaryReviewTests.test_output_lexical_symlink_before_dotdot_is_rejected_before_writes) ... ok
test_overflowed_json_number_is_rejected_as_nonfinite (test_output_review.OutputBoundaryReviewTests.test_overflowed_json_number_is_rejected_as_nonfinite) ... ok
test_partial_successful_writes_are_retried_to_completion (test_output_review.OutputBoundaryReviewTests.test_partial_successful_writes_are_retried_to_completion) ... ok
test_replay_does_not_use_binding_replaced_after_verification (test_output_review.OutputBoundaryReviewTests.test_replay_does_not_use_binding_replaced_after_verification) ... ok
test_report_capacity_failure_does_not_publish (test_output_review.OutputBoundaryReviewTests.test_report_capacity_failure_does_not_publish) ... ok
test_stage_name_collision_never_deletes_an_unowned_directory (test_output_review.OutputBoundaryReviewTests.test_stage_name_collision_never_deletes_an_unowned_directory) ... ok
test_verifier_refuses_oversized_packet_before_reading (test_output_review.OutputBoundaryReviewTests.test_verifier_refuses_oversized_packet_before_reading) ... ok
test_after_rename_fsync_failure_truthful (test_publication.PublicationTests.test_after_rename_fsync_failure_truthful) ... ok
test_atomically_publishes (test_publication.PublicationTests.test_atomically_publishes) ... ok
test_no_clobber_empty_or_nonempty (test_publication.PublicationTests.test_no_clobber_empty_or_nonempty) ... ok
test_partial_write_cleanup (test_publication.PublicationTests.test_partial_write_cleanup) ... ok
test_true_concurrent_noreplace_races (test_publication.PublicationTests.test_true_concurrent_noreplace_races) ... ok
test_static_escape_and_limitations (test_report.ReportTests.test_static_escape_and_limitations) ... ok
test_added_columns_explicit (test_summary.SummaryTests.test_added_columns_explicit) ... ok
test_bad_boolean_error_and_notpass (test_summary.SummaryTests.test_bad_boolean_error_and_notpass) ... ok
test_duplicate_projection_and_change (test_summary.SummaryTests.test_duplicate_projection_and_change) ... ok
test_incomplete_no_loss_counts (test_summary.SummaryTests.test_incomplete_no_loss_counts) ... ok
test_open_transaction_never_pass (test_summary.SummaryTests.test_open_transaction_never_pass) ... ok
test_query_typed_bag (test_summary.SummaryTests.test_query_typed_bag) ... ok
test_view_error_and_fk_failure (test_summary.SummaryTests.test_view_error_and_fk_failure) ... ok
test_all_nonquery_invariants_reconstructed_from_facts (test_verifier.VerifierAdditionalTests.test_all_nonquery_invariants_reconstructed_from_facts) ... ok
test_complete_baselines_agree_even_with_missing_failure_baseline (test_verifier.VerifierAdditionalTests.test_complete_baselines_agree_even_with_missing_failure_baseline) ... ok
test_db_digest_is_declared_without_sample_and_checked_with_sample (test_verifier.VerifierAdditionalTests.test_db_digest_is_declared_without_sample_and_checked_with_sample) ... ok
test_incomplete_metadata_does_not_require_complete_object_correspondence (test_verifier.VerifierAdditionalTests.test_incomplete_metadata_does_not_require_complete_object_correspondence) ... ok
test_lexical_symlink_component_is_rejected_even_before_dotdot (test_verifier.VerifierAdditionalTests.test_lexical_symlink_component_is_rejected_even_before_dotdot) ... ok
test_long_exact_native_error_message_is_allowed_within_evidence_cap (test_verifier.VerifierAdditionalTests.test_long_exact_native_error_message_is_allowed_within_evidence_cap) ... ok
test_original_repeated_filename_must_retain_identical_bytes (test_verifier.VerifierAdditionalTests.test_original_repeated_filename_must_retain_identical_bytes) ... ok
test_query_equals_ignores_baseline_errors_and_required_notrun_is_incomplete (test_verifier.VerifierAdditionalTests.test_query_equals_ignores_baseline_errors_and_required_notrun_is_incomplete) ... ok
test_boolean_number_summary_substitution_is_rejected (test_verifier.VerifierBoundaryTests.test_boolean_number_summary_substitution_is_rejected) ... ok
test_complete_packet_passes_structural_checks (test_verifier.VerifierBoundaryTests.test_complete_packet_passes_structural_checks) ... ok
test_empty_partial_diagnostics_is_valid_incomplete (test_verifier.VerifierBoundaryTests.test_empty_partial_diagnostics_is_valid_incomplete) ... ok
test_evidence_limit_enforced_with_minimal_error_envelope_exception (test_verifier.VerifierBoundaryTests.test_evidence_limit_enforced_with_minimal_error_envelope_exception) ... ok
test_extra_directory_file_symlink_and_hardlink_rejected (test_verifier.VerifierBoundaryTests.test_extra_directory_file_symlink_and_hardlink_rejected) ... ok
test_open_transaction_null_error_is_valid_nonpassing (test_verifier.VerifierBoundaryTests.test_open_transaction_null_error_is_valid_nonpassing) ... ok
test_partial_error_packet_valid_but_never_zero (test_verifier.VerifierBoundaryTests.test_partial_error_packet_valid_but_never_zero) ... ok
test_rehashed_false_summary_fails_despite_matching_html (test_verifier.VerifierBoundaryTests.test_rehashed_false_summary_fails_despite_matching_html) ... ok
test_rehashed_original_manifest_semantics_must_match (test_verifier.VerifierBoundaryTests.test_rehashed_original_manifest_semantics_must_match) ... ok
test_report_and_manifest_bytes_are_exact (test_verifier.VerifierBoundaryTests.test_report_and_manifest_bytes_are_exact) ... ok
test_sql_packet_cannot_claim_included_database (test_verifier.VerifierBoundaryTests.test_sql_packet_cannot_claim_included_database) ... ok
test_checked_byte_digests_do_not_reread_after_validation (test_verifier.VerifierCheckedByteTests.test_checked_byte_digests_do_not_reread_after_validation) ... ok
test_success_returns_digests_of_exact_verified_bytes (test_verifier.VerifierCheckedByteTests.test_success_returns_digests_of_exact_verified_bytes) ... ok
test_execution_kind_and_status_must_be_consistent (test_verifier.VerifierFinalContractTests.test_execution_kind_and_status_must_be_consistent) ... ok
test_expanded_runtime_identity_is_required (test_verifier.VerifierFinalContractTests.test_expanded_runtime_identity_is_required) ... ok
test_metadata_rows_count_toward_total_observation_budget (test_verifier.VerifierFinalContractTests.test_metadata_rows_count_toward_total_observation_budget) ... ok
test_native_metadata_strings_are_not_typed_cell_payloads (test_verifier.VerifierFinalContractTests.test_native_metadata_strings_are_not_typed_cell_payloads) ... ok
test_row_count_expectation_may_exceed_observation_cap (test_verifier.VerifierFinalContractTests.test_row_count_expectation_may_exceed_observation_cap) ... ok
test_exception_does_not_cover_lower_priority_execution_error (test_verifier.VerifierMinimalEnvelopeTests.test_exception_does_not_cover_lower_priority_execution_error) ... ok
test_exception_does_not_permit_collected_facts_above_limit (test_verifier.VerifierMinimalEnvelopeTests.test_exception_does_not_permit_collected_facts_above_limit) ... ok
test_higher_priority_failure_envelope_is_reviewable_above_lowered_limit (test_verifier.VerifierMinimalEnvelopeTests.test_higher_priority_failure_envelope_is_reviewable_above_lowered_limit) ... ok
test_before_profile_runtime_group_identity (test_verifier.VerifierTests.test_before_profile_runtime_group_identity) ... ok
test_incomplete_snapshot_has_no_numeric_changes (test_verifier.VerifierTests.test_incomplete_snapshot_has_no_numeric_changes) ... ok
test_malformed_packet_returns_controlled_failure (test_verifier.VerifierTests.test_malformed_packet_returns_controlled_failure) ... ok
test_missing_query_phase_rejected (test_verifier.VerifierTests.test_missing_query_phase_rejected) ... ok
test_no_common_columns_never_claims_row_loss (test_verifier.VerifierTests.test_no_common_columns_never_claims_row_loss) ... ok
test_query_boolean_does_not_use_python_truthiness (test_verifier.VerifierTests.test_query_boolean_does_not_use_python_truthiness) ... ok
test_query_preserved_bag_is_typed_multiset (test_verifier.VerifierTests.test_query_preserved_bag_is_typed_multiset) ... ok
test_reconstructs_duplicate_projection_counts_and_every_summary_field (test_verifier.VerifierTests.test_reconstructs_duplicate_projection_counts_and_every_summary_field) ... ok
test_rejects_raw_shape_and_typed_cell_forgeries (test_verifier.VerifierTests.test_rejects_raw_shape_and_typed_cell_forgeries) ... ok
test_view_and_native_diagnostic_errors_never_pass (test_verifier.VerifierTests.test_view_and_native_diagnostic_errors_never_pass) ... ok

----------------------------------------------------------------------
Ran 148 tests in 11.910s

OK
