test_alter_table_rename_column_and_drop_preserve_supported_behavior (test_engine.EngineContract.test_alter_table_rename_column_and_drop_preserve_supported_behavior) ... ok
test_as_written_partial_autocommit_survives_sqlite_error (test_engine.EngineContract.test_as_written_partial_autocommit_survives_sqlite_error) ... ok
test_complete_structured_schema_generated_columns_indexes_views_sequences (test_engine.EngineContract.test_complete_structured_schema_generated_columns_indexes_views_sequences) ... ok
test_database_source_bytes_and_directory_untouched (test_engine.EngineContract.test_database_source_bytes_and_directory_untouched) ... ok
test_evidence_budget_cannot_produce_complete_snapshot (test_engine.EngineContract.test_evidence_budget_cannot_produce_complete_snapshot) ... ok
test_existing_virtual_source_is_unsupported (test_engine.EngineContract.test_existing_virtual_source_is_unsupported) ... ok
test_failed_query_is_explicit_in_each_phase (test_engine.EngineContract.test_failed_query_is_explicit_in_each_phase) ... ok
test_forbidden_features_are_refused_before_side_effects (test_engine.EngineContract.test_forbidden_features_are_refused_before_side_effects) ... ok
test_foreign_key_profile_and_mode_changes_are_observed (test_engine.EngineContract.test_foreign_key_profile_and_mode_changes_are_observed) ... ok
test_invariant_dml_and_pragma_writes_cannot_mutate (test_engine.EngineContract.test_invariant_dml_and_pragma_writes_cannot_mutate) ... ok
test_native_migration_error_survives_lower_priority_snapshot_refusal (test_engine.EngineContract.test_native_migration_error_survives_lower_priority_snapshot_refusal) ... ok
test_open_transaction_observed_and_reopened_are_distinct (test_engine.EngineContract.test_open_transaction_observed_and_reopened_are_distinct) ... ok
test_qualified_runtime_is_recorded_by_worker (test_engine.EngineContract.test_qualified_runtime_is_recorded_by_worker) ... ok
test_query_facts_capture_all_three_phases_and_order (test_engine.EngineContract.test_query_facts_capture_all_three_phases_and_order) ... ok
test_query_row_limit_is_incomplete (test_engine.EngineContract.test_query_row_limit_is_incomplete) ... ok
test_read_only_metadata_pragmas_are_supported (test_engine.EngineContract.test_read_only_metadata_pragmas_are_supported) ... ok
test_request_cannot_supply_worker_commands_or_callbacks (test_engine.EngineContract.test_request_cannot_supply_worker_commands_or_callbacks) ... ok
test_row_limit_is_incomplete_not_empty_success (test_engine.EngineContract.test_row_limit_is_incomplete_not_empty_success) ... ok
test_same_source_has_identical_before_facts (test_engine.EngineContract.test_same_source_has_identical_before_facts) ... ok
test_source_connection_pragma_changes_do_not_change_candidate_profile (test_engine.EngineContract.test_source_connection_pragma_changes_do_not_change_candidate_profile) ... ok
test_source_scripts_cannot_leave_transactions_open (test_engine.EngineContract.test_source_scripts_cannot_leave_transactions_open) ... ok
test_sqlite_error_has_priority_over_open_transaction (test_engine.EngineContract.test_sqlite_error_has_priority_over_open_transaction) ... ok
test_typed_values_duplicates_invalid_utf8_and_infinities_are_lossless (test_engine.EngineContract.test_typed_values_duplicates_invalid_utf8_and_infinities_are_lossless) ... ok
test_value_size_is_checked_before_accumulating (test_engine.EngineContract.test_value_size_is_checked_before_accumulating) ... ok
test_vm_budget_is_resource_limit_not_sqlite_error (test_engine.EngineContract.test_vm_budget_is_resource_limit_not_sqlite_error) ... ok
test_worker_records_exact_python_build_implementation_and_machine (test_engine.EngineContract.test_worker_records_exact_python_build_implementation_and_machine) ... ok
test_all_phase_total_row_cap_is_enforced (test_engine_limits.EngineLimitContract.test_all_phase_total_row_cap_is_enforced) ... ok
test_all_required_failure_query_frames_survive_small_budget (test_engine_limits.EngineLimitContract.test_all_required_failure_query_frames_survive_small_budget) ... ok
test_exact_row_and_value_boundaries_succeed (test_engine_limits.EngineLimitContract.test_exact_row_and_value_boundaries_succeed) ... ok
test_native_process_resource_limits_are_installed (test_engine_limits.EngineLimitContract.test_native_process_resource_limits_are_installed) ... ok
test_nested_protocol_corruption_is_worker_error (test_engine_limits.EngineLimitContract.test_nested_protocol_corruption_is_worker_error) ... ok
test_parent_wall_deadline_is_observed_and_workspace_cleaned (test_engine_limits.EngineLimitContract.test_parent_wall_deadline_is_observed_and_workspace_cleaned) ... ok
test_schema_object_limit_prevents_complete_baseline (test_engine_limits.EngineLimitContract.test_schema_object_limit_prevents_complete_baseline) ... ok
test_source_schema_is_guarded_before_application_statements (test_engine_limits.EngineLimitContract.test_source_schema_is_guarded_before_application_statements) ... ok
test_source_sidecar_or_hardlink_is_refused (test_engine_limits.EngineLimitContract.test_source_sidecar_or_hardlink_is_refused) ... ok
test_table_limit_prevents_complete_baseline (test_engine_limits.EngineLimitContract.test_table_limit_prevents_complete_baseline) ... ok
test_typed_value_validation_rejects_ambiguous_encodings (test_engine_limits.EngineLimitContract.test_typed_value_validation_rejects_ambiguous_encodings) ... ok
test_unexpected_death_is_worker_error_not_guessed_resource (test_engine_limits.EngineLimitContract.test_unexpected_death_is_worker_error_not_guessed_resource) ... ok
test_wide_without_rowid_expression_index_metadata_is_complete (test_engine_limits.EngineLimitContract.test_wide_without_rowid_expression_index_metadata_is_complete) ... ok
test_baseline_limit_cannot_leave_open_transaction_with_an_error (test_engine_review.EngineIndependentReview.test_baseline_limit_cannot_leave_open_transaction_with_an_error) ... ok
test_baseline_limit_open_transaction_packet_verifies_as_nonpassing (test_engine_review.EngineIndependentReview.test_baseline_limit_open_transaction_packet_verifies_as_nonpassing) ... ok
test_optional_query_equals_baseline_limit_does_not_block_pass (test_engine_review.EngineIndependentReview.test_optional_query_equals_baseline_limit_does_not_block_pass) ... ok

----------------------------------------------------------------------
Ran 42 tests in 4.765s

OK
