test_24_original_executions_match_every_native_fact_and_check (test_independent_semantics.IndependentReferenceTests.test_24_original_executions_match_every_native_fact_and_check) ... FAIL
test_oracle_keeps_blob_and_invalid_utf8_text_distinct (test_independent_semantics.IndependentReferenceTests.test_oracle_keeps_blob_and_invalid_utf8_text_distinct) ... FAIL
test_oracle_records_open_transaction_and_reopened_rollback_separately (test_independent_semantics.IndependentReferenceTests.test_oracle_records_open_transaction_and_reopened_rollback_separately) ... FAIL
test_oracle_retains_duplicate_multiplicity_and_projection_boundary (test_independent_semantics.IndependentReferenceTests.test_oracle_retains_duplicate_multiplicity_and_projection_boundary) ... FAIL
test_original_frozen_12_cases_and_30_checks_remain_byte_frozen (test_independent_semantics.IndependentReferenceTests.test_original_frozen_12_cases_and_30_checks_remain_byte_frozen) ... FAIL

======================================================================
FAIL: test_24_original_executions_match_every_native_fact_and_check (test_independent_semantics.IndependentReferenceTests.test_24_original_executions_match_every_native_fact_and_check)
----------------------------------------------------------------------
Traceback (most recent call last):
  File "<workspace>/sqlitefolio/tests/test_independent_semantics.py", line 65, in test_24_original_executions_match_every_native_fact_and_check
    self.assertIsNotNone(ref, 'Independent qualification implementation is missing')
AssertionError: unexpectedly None : Independent qualification implementation is missing

======================================================================
FAIL: test_oracle_keeps_blob_and_invalid_utf8_text_distinct (test_independent_semantics.IndependentReferenceTests.test_oracle_keeps_blob_and_invalid_utf8_text_distinct)
----------------------------------------------------------------------
Traceback (most recent call last):
  File "<workspace>/sqlitefolio/tests/test_independent_semantics.py", line 54, in test_oracle_keeps_blob_and_invalid_utf8_text_distinct
    self.assertIsNotNone(ref, 'Independent qualification implementation is missing')
AssertionError: unexpectedly None : Independent qualification implementation is missing

======================================================================
FAIL: test_oracle_records_open_transaction_and_reopened_rollback_separately (test_independent_semantics.IndependentReferenceTests.test_oracle_records_open_transaction_and_reopened_rollback_separately)
----------------------------------------------------------------------
Traceback (most recent call last):
  File "<workspace>/sqlitefolio/tests/test_independent_semantics.py", line 43, in test_oracle_records_open_transaction_and_reopened_rollback_separately
    self.assertIsNotNone(ref, 'Independent qualification implementation is missing')
AssertionError: unexpectedly None : Independent qualification implementation is missing

======================================================================
FAIL: test_oracle_retains_duplicate_multiplicity_and_projection_boundary (test_independent_semantics.IndependentReferenceTests.test_oracle_retains_duplicate_multiplicity_and_projection_boundary)
----------------------------------------------------------------------
Traceback (most recent call last):
  File "<workspace>/sqlitefolio/tests/test_independent_semantics.py", line 30, in test_oracle_retains_duplicate_multiplicity_and_projection_boundary
    self.assertIsNotNone(ref, 'Independent qualification implementation is missing')
AssertionError: unexpectedly None : Independent qualification implementation is missing

======================================================================
FAIL: test_original_frozen_12_cases_and_30_checks_remain_byte_frozen (test_independent_semantics.IndependentReferenceTests.test_original_frozen_12_cases_and_30_checks_remain_byte_frozen)
----------------------------------------------------------------------
Traceback (most recent call last):
  File "<workspace>/sqlitefolio/tests/test_independent_semantics.py", line 22, in test_original_frozen_12_cases_and_30_checks_remain_byte_frozen
    self.assertIsNotNone(ref, 'Independent qualification implementation is missing')
AssertionError: unexpectedly None : Independent qualification implementation is missing

----------------------------------------------------------------------
Ran 5 tests in 0.001s

FAILED (failures=5)
