test_consistent_fabrication_can_verify_but_source_bound_replay_rejects_it (test_independent_semantics.IndependentPacketBoundaryTests.test_consistent_fabrication_can_verify_but_source_bound_replay_rejects_it) ... ok
test_exact_retained_sql_bytes_are_checked (test_independent_semantics.IndependentPacketBoundaryTests.test_exact_retained_sql_bytes_are_checked) ... ok
test_real_incomplete_packet_is_consistent_but_never_zero_exit (test_independent_semantics.IndependentPacketBoundaryTests.test_real_incomplete_packet_is_consistent_but_never_zero_exit) ... ok
test_rehashed_false_summary_is_rejected_even_with_matching_html (test_independent_semantics.IndependentPacketBoundaryTests.test_rehashed_false_summary_is_rejected_even_with_matching_html) ... ok
test_rehashed_retained_sql_is_not_authentication_and_replay_rejects_substitution (test_independent_semantics.IndependentPacketBoundaryTests.test_rehashed_retained_sql_is_not_authentication_and_replay_rejects_substitution) ... ok
test_replay_binds_exact_original_sql_even_for_identical_after_state (test_independent_semantics.IndependentPacketBoundaryTests.test_replay_binds_exact_original_sql_even_for_identical_after_state) ... ok
test_replay_binds_recorded_runtime_facts (test_independent_semantics.IndependentPacketBoundaryTests.test_replay_binds_recorded_runtime_facts) ... ok
test_replay_binds_source_bytes_even_if_sample_rows_are_unchanged (test_independent_semantics.IndependentPacketBoundaryTests.test_replay_binds_source_bytes_even_if_sample_rows_are_unchanged) ... ok
test_stale_raw_fact_change_is_rejected (test_independent_semantics.IndependentPacketBoundaryTests.test_stale_raw_fact_change_is_rejected) ... ok
test_24_original_executions_match_every_native_fact_and_check (test_independent_semantics.IndependentReferenceTests.test_24_original_executions_match_every_native_fact_and_check) ... ok
test_all_frozen_auxiliary_live_and_reopened_observations_are_validated (test_independent_semantics.IndependentReferenceTests.test_all_frozen_auxiliary_live_and_reopened_observations_are_validated) ... ok
test_handwritten_additional_predictions_are_checked_without_rewriting_them (test_independent_semantics.IndependentReferenceTests.test_handwritten_additional_predictions_are_checked_without_rewriting_them) ... ok
test_oracle_keeps_blob_and_invalid_utf8_text_distinct (test_independent_semantics.IndependentReferenceTests.test_oracle_keeps_blob_and_invalid_utf8_text_distinct) ... ok
test_oracle_records_open_transaction_and_reopened_rollback_separately (test_independent_semantics.IndependentReferenceTests.test_oracle_records_open_transaction_and_reopened_rollback_separately) ... ok
test_oracle_retains_duplicate_multiplicity_and_projection_boundary (test_independent_semantics.IndependentReferenceTests.test_oracle_retains_duplicate_multiplicity_and_projection_boundary) ... ok
test_original_frozen_12_cases_and_30_checks_remain_byte_frozen (test_independent_semantics.IndependentReferenceTests.test_original_frozen_12_cases_and_30_checks_remain_byte_frozen) ... ok
test_schema_seed_connection_settings_do_not_leak_to_candidate (test_independent_semantics.IndependentReferenceTests.test_schema_seed_connection_settings_do_not_leak_to_candidate) ... ok

----------------------------------------------------------------------
Ran 17 tests in 4.726s

OK
