test_closed_stdout_keeps_published_packet (test_cli_packet.CLIPacketTests.test_closed_stdout_keeps_published_packet) ... ok
test_database_inclusion_opt_in (test_cli_packet.CLIPacketTests.test_database_inclusion_opt_in) ... ok
test_full_sql_journey (test_cli_packet.CLIPacketTests.test_full_sql_journey) ... ok
test_open_transaction_and_preservation (test_cli_packet.CLIPacketTests.test_open_transaction_and_preservation) ... ok
test_replay_changed_sql (test_cli_packet.CLIPacketTests.test_replay_changed_sql) ... ok
test_requires_explicit_trust (test_cli_packet.CLIPacketTests.test_requires_explicit_trust) ... ok
test_boolean_contract (test_contract_paths.ContractTests.test_boolean_contract) ... ok
test_counts_and_limits (test_contract_paths.ContractTests.test_counts_and_limits) ... ok
test_duplicate_keys (test_contract_paths.ContractTests.test_duplicate_keys) ... ok
test_duplicate_names_and_source_choice (test_contract_paths.ContractTests.test_duplicate_names_and_source_choice) ... ok
test_invalid_utf8_nonfinite (test_contract_paths.ContractTests.test_invalid_utf8_nonfinite) ... ok
test_typed_expectations (test_contract_paths.ContractTests.test_typed_expectations) ... ok
test_unequal_width_paths (test_contract_paths.ContractTests.test_unequal_width_paths) ... ok
test_unknown_nested (test_contract_paths.ContractTests.test_unknown_nested) ... ok
test_valid_defaults (test_contract_paths.ContractTests.test_valid_defaults) ... ok
test_database_sidecar_and_header (test_contract_paths.PathsTests.test_database_sidecar_and_header) ... ok
test_hardlink_and_symlink (test_contract_paths.PathsTests.test_hardlink_and_symlink) ... ok
test_missing_and_sql_utf8 (test_contract_paths.PathsTests.test_missing_and_sql_utf8) ... ok
test_no_clobber_source_or_ancestor (test_contract_paths.PathsTests.test_no_clobber_source_or_ancestor) ... ok
test_preserves_and_normalizes (test_contract_paths.PathsTests.test_preserves_and_normalizes) ... ok
test_source_changes_detected (test_contract_paths.PathsTests.test_source_changes_detected) ... ok
test_symlink_output_ancestor_and_nonexistent_parent (test_contract_paths.PathsTests.test_symlink_output_ancestor_and_nonexistent_parent) ... ok
test_alter_table_rename_column_and_drop_preserve_supported_behavior (test_engine.EngineContract.test_alter_table_rename_column_and_drop_preserve_supported_behavior) ... ok
test_as_written_partial_autocommit_survives_sqlite_error (test_engine.EngineContract.test_as_written_partial_autocommit_survives_sqlite_error) ... ok
test_complete_structured_schema_generated_columns_indexes_views_sequences (test_engine.EngineContract.test_complete_structured_schema_generated_columns_indexes_views_sequences) ... ok
test_database_source_bytes_and_directory_untouched (test_engine.EngineContract.test_database_source_bytes_and_directory_untouched) ... ok
test_evidence_budget_cannot_produce_complete_snapshot (test_engine.EngineContract.test_evidence_budget_cannot_produce_complete_snapshot) ... ok
test_existing_virtual_source_is_unsupported (test_engine.EngineContract.test_existing_virtual_source_is_unsupported) ... ok
test_failed_query_is_explicit_in_each_phase (test_engine.EngineContract.test_failed_query_is_explicit_in_each_phase) ... ok
test_forbidden_features_are_refused_before_side_effects (test_engine.EngineContract.test_forbidden_features_are_refused_before_side_effects) ... ok
test_foreign_key_profile_and_mode_changes_are_observed (test_engine.EngineContract.test_foreign_key_profile_and_mode_changes_are_observed) ... ok
test_invariant_dml_and_pragma_writes_cannot_mutate (test_engine.EngineContract.test_invariant_dml_and_pragma_writes_cannot_mutate) ... ok
test_open_transaction_observed_and_reopened_are_distinct (test_engine.EngineContract.test_open_transaction_observed_and_reopened_are_distinct) ... ok
test_qualified_runtime_is_recorded_by_worker (test_engine.EngineContract.test_qualified_runtime_is_recorded_by_worker) ... ok
test_query_facts_capture_all_three_phases_and_order (test_engine.EngineContract.test_query_facts_capture_all_three_phases_and_order) ... ok
test_query_row_limit_is_incomplete (test_engine.EngineContract.test_query_row_limit_is_incomplete) ... ok
test_read_only_metadata_pragmas_are_supported (test_engine.EngineContract.test_read_only_metadata_pragmas_are_supported) ... ok
test_request_cannot_supply_worker_commands_or_callbacks (test_engine.EngineContract.test_request_cannot_supply_worker_commands_or_callbacks) ... ok
test_row_limit_is_incomplete_not_empty_success (test_engine.EngineContract.test_row_limit_is_incomplete_not_empty_success) ... ok
test_same_source_has_identical_before_facts (test_engine.EngineContract.test_same_source_has_identical_before_facts) ... ok
test_source_connection_pragma_changes_do_not_change_candidate_profile (test_engine.EngineContract.test_source_connection_pragma_changes_do_not_change_candidate_profile) ... ok
test_source_scripts_cannot_leave_transactions_open (test_engine.EngineContract.test_source_scripts_cannot_leave_transactions_open) ... ok
test_sqlite_error_has_priority_over_open_transaction (test_engine.EngineContract.test_sqlite_error_has_priority_over_open_transaction) ... ok
test_typed_values_duplicates_invalid_utf8_and_infinities_are_lossless (test_engine.EngineContract.test_typed_values_duplicates_invalid_utf8_and_infinities_are_lossless) ... ok
test_value_size_is_checked_before_accumulating (test_engine.EngineContract.test_value_size_is_checked_before_accumulating) ... ok
test_vm_budget_is_resource_limit_not_sqlite_error (test_engine.EngineContract.test_vm_budget_is_resource_limit_not_sqlite_error) ... ok
test_all_phase_total_row_cap_is_enforced (test_engine_limits.EngineLimitContract.test_all_phase_total_row_cap_is_enforced) ... ok
test_all_required_failure_query_frames_survive_small_budget (test_engine_limits.EngineLimitContract.test_all_required_failure_query_frames_survive_small_budget) ... ok
test_exact_row_and_value_boundaries_succeed (test_engine_limits.EngineLimitContract.test_exact_row_and_value_boundaries_succeed) ... ok
test_native_process_resource_limits_are_installed (test_engine_limits.EngineLimitContract.test_native_process_resource_limits_are_installed) ... ok
test_nested_protocol_corruption_is_worker_error (test_engine_limits.EngineLimitContract.test_nested_protocol_corruption_is_worker_error) ... ok
test_parent_wall_deadline_is_observed_and_workspace_cleaned (test_engine_limits.EngineLimitContract.test_parent_wall_deadline_is_observed_and_workspace_cleaned) ... ok
test_schema_object_limit_prevents_complete_baseline (test_engine_limits.EngineLimitContract.test_schema_object_limit_prevents_complete_baseline) ... ok
test_source_schema_is_guarded_before_application_statements (test_engine_limits.EngineLimitContract.test_source_schema_is_guarded_before_application_statements) ... ok
test_source_sidecar_or_hardlink_is_refused (test_engine_limits.EngineLimitContract.test_source_sidecar_or_hardlink_is_refused) ... ok
test_table_limit_prevents_complete_baseline (test_engine_limits.EngineLimitContract.test_table_limit_prevents_complete_baseline) ... ok
test_typed_value_validation_rejects_ambiguous_encodings (test_engine_limits.EngineLimitContract.test_typed_value_validation_rejects_ambiguous_encodings) ... ok
test_unexpected_death_is_worker_error_not_guessed_resource (test_engine_limits.EngineLimitContract.test_unexpected_death_is_worker_error_not_guessed_resource) ... ok
test_consistent_fabrication_can_verify_but_source_bound_replay_rejects_it (test_independent_semantics.IndependentPacketBoundaryTests.test_consistent_fabrication_can_verify_but_source_bound_replay_rejects_it) ... ok
test_exact_retained_sql_bytes_are_checked (test_independent_semantics.IndependentPacketBoundaryTests.test_exact_retained_sql_bytes_are_checked) ... ok
test_real_incomplete_packet_is_consistent_but_never_zero_exit (test_independent_semantics.IndependentPacketBoundaryTests.test_real_incomplete_packet_is_consistent_but_never_zero_exit) ... ok
test_rehashed_false_summary_is_rejected_even_with_matching_html (test_independent_semantics.IndependentPacketBoundaryTests.test_rehashed_false_summary_is_rejected_even_with_matching_html) ... ok
test_rehashed_retained_sql_is_not_authentication_and_replay_rejects_substitution (test_independent_semantics.IndependentPacketBoundaryTests.test_rehashed_retained_sql_is_not_authentication_and_replay_rejects_substitution) ... ok
test_replay_binds_exact_original_sql_even_for_identical_after_state (test_independent_semantics.IndependentPacketBoundaryTests.test_replay_binds_exact_original_sql_even_for_identical_after_state) ... ok
test_replay_binds_recorded_runtime_facts (test_independent_semantics.IndependentPacketBoundaryTests.test_replay_binds_recorded_runtime_facts) ... ok
test_replay_binds_source_bytes_even_if_sample_rows_are_unchanged (test_independent_semantics.IndependentPacketBoundaryTests.test_replay_binds_source_bytes_even_if_sample_rows_are_unchanged) ... ok
test_stale_raw_fact_change_is_rejected (test_independent_semantics.IndependentPacketBoundaryTests.test_stale_raw_fact_change_is_rejected) ... ok
test_24_original_executions_match_every_native_fact_and_check (test_independent_semantics.IndependentReferenceTests.test_24_original_executions_match_every_native_fact_and_check) ... FAIL
test_all_frozen_auxiliary_live_and_reopened_observations_are_validated (test_independent_semantics.IndependentReferenceTests.test_all_frozen_auxiliary_live_and_reopened_observations_are_validated) ... ok
test_handwritten_additional_predictions_are_checked_without_rewriting_them (test_independent_semantics.IndependentReferenceTests.test_handwritten_additional_predictions_are_checked_without_rewriting_them) ... ok
test_oracle_keeps_blob_and_invalid_utf8_text_distinct (test_independent_semantics.IndependentReferenceTests.test_oracle_keeps_blob_and_invalid_utf8_text_distinct) ... ok
test_oracle_records_open_transaction_and_reopened_rollback_separately (test_independent_semantics.IndependentReferenceTests.test_oracle_records_open_transaction_and_reopened_rollback_separately) ... ok
test_oracle_retains_duplicate_multiplicity_and_projection_boundary (test_independent_semantics.IndependentReferenceTests.test_oracle_retains_duplicate_multiplicity_and_projection_boundary) ... ok
test_original_frozen_12_cases_and_30_checks_remain_byte_frozen (test_independent_semantics.IndependentReferenceTests.test_original_frozen_12_cases_and_30_checks_remain_byte_frozen) ... ok
test_schema_seed_connection_settings_do_not_leak_to_candidate (test_independent_semantics.IndependentReferenceTests.test_schema_seed_connection_settings_do_not_leak_to_candidate) ... ok
test_after_rename_fsync_failure_truthful (test_publication.PublicationTests.test_after_rename_fsync_failure_truthful) ... ok
test_atomically_publishes (test_publication.PublicationTests.test_atomically_publishes) ... ok
test_no_clobber_empty_or_nonempty (test_publication.PublicationTests.test_no_clobber_empty_or_nonempty) ... ok
test_partial_write_cleanup (test_publication.PublicationTests.test_partial_write_cleanup) ... ok
test_true_concurrent_noreplace_races (test_publication.PublicationTests.test_true_concurrent_noreplace_races) ... ok
test_static_escape_and_limitations (test_report.ReportTests.test_static_escape_and_limitations) ... ok
test_added_columns_explicit (test_summary.SummaryTests.test_added_columns_explicit) ... ok
test_bad_boolean_error_and_notpass (test_summary.SummaryTests.test_bad_boolean_error_and_notpass) ... ok
test_duplicate_projection_and_change (test_summary.SummaryTests.test_duplicate_projection_and_change) ... ok
test_incomplete_no_loss_counts (test_summary.SummaryTests.test_incomplete_no_loss_counts) ... ok
test_open_transaction_never_pass (test_summary.SummaryTests.test_open_transaction_never_pass) ... ok
test_query_typed_bag (test_summary.SummaryTests.test_query_typed_bag) ... ok
test_view_error_and_fk_failure (test_summary.SummaryTests.test_view_error_and_fk_failure) ... ok
test_boolean_number_summary_substitution_is_rejected (test_verifier.VerifierBoundaryTests.test_boolean_number_summary_substitution_is_rejected) ... ok
test_complete_packet_passes_structural_checks (test_verifier.VerifierBoundaryTests.test_complete_packet_passes_structural_checks) ... ok
test_empty_partial_diagnostics_is_valid_incomplete (test_verifier.VerifierBoundaryTests.test_empty_partial_diagnostics_is_valid_incomplete) ... ok
test_evidence_limit_enforced_with_minimal_error_envelope_exception (test_verifier.VerifierBoundaryTests.test_evidence_limit_enforced_with_minimal_error_envelope_exception) ... ok
test_extra_directory_file_symlink_and_hardlink_rejected (test_verifier.VerifierBoundaryTests.test_extra_directory_file_symlink_and_hardlink_rejected) ... ok
test_open_transaction_null_error_is_valid_nonpassing (test_verifier.VerifierBoundaryTests.test_open_transaction_null_error_is_valid_nonpassing) ... ok
test_partial_error_packet_valid_but_never_zero (test_verifier.VerifierBoundaryTests.test_partial_error_packet_valid_but_never_zero) ... ok
test_rehashed_false_summary_fails_despite_matching_html (test_verifier.VerifierBoundaryTests.test_rehashed_false_summary_fails_despite_matching_html) ... ok
test_rehashed_original_manifest_semantics_must_match (test_verifier.VerifierBoundaryTests.test_rehashed_original_manifest_semantics_must_match) ... ok
test_report_and_manifest_bytes_are_exact (test_verifier.VerifierBoundaryTests.test_report_and_manifest_bytes_are_exact) ... ok
test_sql_packet_cannot_claim_included_database (test_verifier.VerifierBoundaryTests.test_sql_packet_cannot_claim_included_database) ... ok
test_before_profile_runtime_group_identity (test_verifier.VerifierTests.test_before_profile_runtime_group_identity) ... ok
test_incomplete_snapshot_has_no_numeric_changes (test_verifier.VerifierTests.test_incomplete_snapshot_has_no_numeric_changes) ... ok
test_malformed_packet_returns_controlled_failure (test_verifier.VerifierTests.test_malformed_packet_returns_controlled_failure) ... ok
test_missing_query_phase_rejected (test_verifier.VerifierTests.test_missing_query_phase_rejected) ... ok
test_no_common_columns_never_claims_row_loss (test_verifier.VerifierTests.test_no_common_columns_never_claims_row_loss) ... ok
test_query_boolean_does_not_use_python_truthiness (test_verifier.VerifierTests.test_query_boolean_does_not_use_python_truthiness) ... ok
test_query_preserved_bag_is_typed_multiset (test_verifier.VerifierTests.test_query_preserved_bag_is_typed_multiset) ... ok
test_reconstructs_duplicate_projection_counts_and_every_summary_field (test_verifier.VerifierTests.test_reconstructs_duplicate_projection_counts_and_every_summary_field) ... ok
test_rejects_raw_shape_and_typed_cell_forgeries (test_verifier.VerifierTests.test_rejects_raw_shape_and_typed_cell_forgeries) ... ok
test_view_and_native_diagnostic_errors_never_pass (test_verifier.VerifierTests.test_view_and_native_diagnostic_errors_never_pass) ... ok

======================================================================
FAIL: test_24_original_executions_match_every_native_fact_and_check (test_independent_semantics.IndependentReferenceTests.test_24_original_executions_match_every_native_fact_and_check)
----------------------------------------------------------------------
Traceback (most recent call last):
  File "<workspace>/sqlitefolio/tests/test_independent_semantics.py", line 105, in test_24_original_executions_match_every_native_fact_and_check
    self.assertIn('verifier_summary', report['executions'][0], 'Independent structural reconstruction must be compared too')
AssertionError: 'verifier_summary' not found in {'case': '01_safe_additive', 'mode': 'schema', 'corpus': 'frozen12', 'source_preserved': True, 'source_directory_preserved': True, 'source_files': {'candidate.sql': {'type': 'file', 'sha256': '57612a741470e837086f8b9eef0494d813bc5be752febe68a2743e6130a82c28', 'bytes': 121}, 'schema.sql': {'type': 'file', 'sha256': '7d7c59045189c4286e4410ada7f0c1687cecdde319e2a6d2c988dce871af53dd', 'bytes': 69}, 'seed.sql': {'type': 'file', 'sha256': '7313493a1455772568337c4ca04ba87f546e4b4abe913ebca6678b9cbf72699d', 'bytes': 57}}, 'prediction_errors': [], 'auxiliary_observations': {'committed_defaults': {'rows': [[['integer', '1'], ['integer', '0']], [['integer', '2'], ['integer', '0']]], 'error': None, 'complete': True}}, 'raw_mismatches': [], 'summary_mismatches': [], 'reference': {'name': '01_safe_additive', 'runtime': {'python': '3.12.14', 'sqlite': '3.53.1', 'sqlite_source_id': '2026-05-05 10:34:17 c88b22011a54b4f6fbd149e9f8e4de77658ce58143a1af0e3785e4e6475127e9', 'compile_options': ['ATOMIC_INTRINSICS=1', 'COMPILER=clang-22.1.3', 'DEFAULT_AUTOVACUUM', 'DEFAULT_CACHE_SIZE=-2000', 'DEFAULT_FILE_FORMAT=4', 'DEFAULT_JOURNAL_SIZE_LIMIT=-1', 'DEFAULT_MMAP_SIZE=0', 'DEFAULT_PAGE_SIZE=4096', 'DEFAULT_PCACHE_INITSZ=20', 'DEFAULT_RECURSIVE_TRIGGERS', 'DEFAULT_SECTOR_SIZE=4096', 'DEFAULT_SYNCHRONOUS=2', 'DEFAULT_WAL_AUTOCHECKPOINT=1000', 'DEFAULT_WAL_SYNCHRONOUS=2', 'DEFAULT_WORKER_THREADS=0', 'DIRECT_OVERFLOW_READ', 'ENABLE_DBSTAT_VTAB', 'ENABLE_FTS3', 'ENABLE_FTS3_PARENTHESIS', 'ENABLE_FTS4', 'ENABLE_FTS5', 'ENABLE_GEOPOLY', 'ENABLE_MATH_FUNCTIONS', 'ENABLE_PERCENTILE', 'ENABLE_RTREE', 'MALLOC_SOFT_LIMIT=1024', 'MAX_ATTACHED=10', 'MAX_COLUMN=2000', 'MAX_COMPOUND_SELECT=500', 'MAX_DEFAULT_PAGE_SIZE=8192', 'MAX_EXPR_DEPTH=1000', 'MAX_FUNCTION_ARG=1000', 'MAX_LENGTH=1000000000', 'MAX_LIKE_PATTERN_LENGTH=50000', 'MAX_MMAP_SIZE=0x7fff0000', 'MAX_PAGE_COUNT=0xfffffffe', 'MAX_PAGE_SIZE=65536', 'MAX_SQL_LENGTH=1000000000', 'MAX_TRIGGER_DEPTH=1000', 'MAX_VARIABLE_NUMBER=32766', 'MAX_VDBE_OP=250000000', 'MAX_WORKER_THREADS=8', 'MUTEX_PTHREADS', 'SYSTEM_MALLOC', 'TEMP_STORE=1', 'THREADSAFE=1'], 'platform': 'linux'}, 'profile': {'foreign_keys': True, 'transaction_mode': 'autocommit'}, 'execution': {'status': 'completed', 'error': None, 'in_transaction': False, 'foreign_keys_start': True, 'foreign_keys_end': True}, 'before': {'complete': True, 'error': None, 'objects': [{'type': 'table', 'name': 'projects', 'table': 'projects', 'sql': 'CREATE TABLE projects (id INTEGER PRIMARY KEY, title TEXT NOT NULL)'}], 'tables': {'projects': {'columns': ['id', 'title'], 'column_info': [[0, 'id', 'INTEGER', 0, None, 1, 0], [1, 'title', 'TEXT', 1, None, 0, 0]], 'table_info': ['main', 'projects', 'table', 2, 0, 0], 'foreign_keys': [], 'indexes': [], 'rows': [[['integer', '1'], ['text', 'T3JjaGlk']], [['integer', '2'], ['text', 'TWFwbGU=']]]}}, 'views': {}, 'diagnostics': {'foreign_key_check': {'rows': [], 'error': None}, 'integrity_check': {'rows': [[['text', 'b2s=']]], 'error': None}, 'foreign_keys': True}, 'sequences': []}, 'observed': {'complete': True, 'error': None, 'objects': [{'type': 'index', 'name': 'projects_title_idx', 'table': 'projects', 'sql': 'CREATE INDEX projects_title_idx ON projects(title)'}, {'type': 'table', 'name': 'projects', 'table': 'projects', 'sql': 'CREATE TABLE projects (id INTEGER PRIMARY KEY, title TEXT NOT NULL, archived INTEGER NOT NULL DEFAULT 0)'}], 'tables': {'projects': {'columns': ['id', 'title', 'archived'], 'column_info': [[0, 'id', 'INTEGER', 0, None, 1, 0], [1, 'title', 'TEXT', 1, None, 0, 0], [2, 'archived', 'INTEGER', 1, '0', 0, 0]], 'table_info': ['main', 'projects', 'table', 3, 0, 0], 'foreign_keys': [], 'indexes': [{'info': [0, 'projects_title_idx', 0, 'c', 0], 'columns': [[0, 1, 'title', 0, 'BINARY', 1], [1, -1, None, 0, 'BINARY', 0]]}], 'rows': [[['integer', '1'], ['text', 'T3JjaGlk'], ['integer', '0']], [['integer', '2'], ['text', 'TWFwbGU='], ['integer', '0']]]}}, 'views': {}, 'diagnostics': {'foreign_key_check': {'rows': [], 'error': None}, 'integrity_check': {'rows': [[['text', 'b2s=']]], 'error': None}, 'foreign_keys': True}, 'sequences': []}, 'reopened': {'complete': True, 'error': None, 'objects': [{'type': 'index', 'name': 'projects_title_idx', 'table': 'projects', 'sql': 'CREATE INDEX projects_title_idx ON projects(title)'}, {'type': 'table', 'name': 'projects', 'table': 'projects', 'sql': 'CREATE TABLE projects (id INTEGER PRIMARY KEY, title TEXT NOT NULL, archived INTEGER NOT NULL DEFAULT 0)'}], 'tables': {'projects': {'columns': ['id', 'title', 'archived'], 'column_info': [[0, 'id', 'INTEGER', 0, None, 1, 0], [1, 'title', 'TEXT', 1, None, 0, 0], [2, 'archived', 'INTEGER', 1, '0', 0, 0]], 'table_info': ['main', 'projects', 'table', 3, 0, 0], 'foreign_keys': [], 'indexes': [{'info': [0, 'projects_title_idx', 0, 'c', 0], 'columns': [[0, 1, 'title', 0, 'BINARY', 1], [1, -1, None, 0, 'BINARY', 0]]}], 'rows': [[['integer', '1'], ['text', 'T3JjaGlk'], ['integer', '0']], [['integer', '2'], ['text', 'TWFwbGU='], ['integer', '0']]]}}, 'views': {}, 'diagnostics': {'foreign_key_check': {'rows': [], 'error': None}, 'integrity_check': {'rows': [[['text', 'b2s=']]], 'error': None}, 'foreign_keys': True}, 'sequences': []}, 'queries': {'project_values': {'before': {'rows': None, 'error': {'kind': 'sqlite_error', 'message': 'no such column: archived', 'sqlite_code': 1, 'sqlite_name': 'SQLITE_ERROR'}, 'complete': False}, 'observed': {'rows': [[['integer', '1'], ['text', 'T3JjaGlk'], ['integer', '0']], [['integer', '2'], ['text', 'TWFwbGU='], ['integer', '0']]], 'error': None, 'complete': True}, 'reopened': {'rows': [[['integer', '1'], ['text', 'T3JjaGlk'], ['integer', '0']], [['integer', '2'], ['text', 'TWFwbGU='], ['integer', '0']]], 'error': None, 'complete': True}}, 'title_index': {'before': {'rows': [], 'error': None, 'complete': True}, 'observed': {'rows': [[['text', 'cHJvamVjdHNfdGl0bGVfaWR4']]], 'error': None, 'complete': True}, 'reopened': {'rows': [[['text', 'cHJvamVjdHNfdGl0bGVfaWR4']]], 'error': None, 'complete': True}}}, 'source_preserved': True}, 'candidate': {'before': {'complete': True, 'diagnostics': {'foreign_key_check': {'error': None, 'rows': []}, 'foreign_keys': True, 'integrity_check': {'error': None, 'rows': [[['text', 'b2s=']]]}}, 'error': None, 'objects': [{'name': 'projects', 'sql': 'CREATE TABLE projects (id INTEGER PRIMARY KEY, title TEXT NOT NULL)', 'table': 'projects', 'type': 'table'}], 'sequences': [], 'tables': {'projects': {'column_info': [[0, 'id', 'INTEGER', 0, None, 1, 0], [1, 'title', 'TEXT', 1, None, 0, 0]], 'columns': ['id', 'title'], 'foreign_keys': [], 'indexes': [], 'rows': [[['integer', '1'], ['text', 'T3JjaGlk']], [['integer', '2'], ['text', 'TWFwbGU=']]], 'table_info': ['main', 'projects', 'table', 2, 0, 0]}}, 'views': {}}, 'execution': {'error': None, 'foreign_keys_end': True, 'foreign_keys_start': True, 'in_transaction': False, 'status': 'completed'}, 'name': '01_safe_additive', 'observed': {'complete': True, 'diagnostics': {'foreign_key_check': {'error': None, 'rows': []}, 'foreign_keys': True, 'integrity_check': {'error': None, 'rows': [[['text', 'b2s=']]]}}, 'error': None, 'objects': [{'name': 'projects_title_idx', 'sql': 'CREATE INDEX projects_title_idx ON projects(title)', 'table': 'projects', 'type': 'index'}, {'name': 'projects', 'sql': 'CREATE TABLE projects (id INTEGER PRIMARY KEY, title TEXT NOT NULL, archived INTEGER NOT NULL DEFAULT 0)', 'table': 'projects', 'type': 'table'}], 'sequences': [], 'tables': {'projects': {'column_info': [[0, 'id', 'INTEGER', 0, None, 1, 0], [1, 'title', 'TEXT', 1, None, 0, 0], [2, 'archived', 'INTEGER', 1, '0', 0, 0]], 'columns': ['id', 'title', 'archived'], 'foreign_keys': [], 'indexes': [{'columns': [[0, 1, 'title', 0, 'BINARY', 1], [1, -1, None, 0, 'BINARY', 0]], 'info': [0, 'projects_title_idx', 0, 'c', 0]}], 'rows': [[['integer', '1'], ['text', 'T3JjaGlk'], ['integer', '0']], [['integer', '2'], ['text', 'TWFwbGU='], ['integer', '0']]], 'table_info': ['main', 'projects', 'table', 3, 0, 0]}}, 'views': {}}, 'profile': {'foreign_keys': True, 'transaction_mode': 'autocommit'}, 'queries': {'project_values': {'before': {'complete': False, 'error': {'kind': 'sqlite_error', 'message': 'no such column: archived', 'sqlite_code': 1, 'sqlite_name': 'SQLITE_ERROR'}, 'rows': None}, 'observed': {'complete': True, 'error': None, 'rows': [[['integer', '1'], ['text', 'T3JjaGlk'], ['integer', '0']], [['integer', '2'], ['text', 'TWFwbGU='], ['integer', '0']]]}, 'reopened': {'complete': True, 'error': None, 'rows': [[['integer', '1'], ['text', 'T3JjaGlk'], ['integer', '0']], [['integer', '2'], ['text', 'TWFwbGU='], ['integer', '0']]]}}, 'title_index': {'before': {'complete': True, 'error': None, 'rows': []}, 'observed': {'complete': True, 'error': None, 'rows': [[['text', 'cHJvamVjdHNfdGl0bGVfaWR4']]]}, 'reopened': {'complete': True, 'error': None, 'rows': [[['text', 'cHJvamVjdHNfdGl0bGVfaWR4']]]}}}, 'reopened': {'complete': True, 'diagnostics': {'foreign_key_check': {'error': None, 'rows': []}, 'foreign_keys': True, 'integrity_check': {'error': None, 'rows': [[['text', 'b2s=']]]}}, 'error': None, 'objects': [{'name': 'projects_title_idx', 'sql': 'CREATE INDEX projects_title_idx ON projects(title)', 'table': 'projects', 'type': 'index'}, {'name': 'projects', 'sql': 'CREATE TABLE projects (id INTEGER PRIMARY KEY, title TEXT NOT NULL, archived INTEGER NOT NULL DEFAULT 0)', 'table': 'projects', 'type': 'table'}], 'sequences': [], 'tables': {'projects': {'column_info': [[0, 'id', 'INTEGER', 0, None, 1, 0], [1, 'title', 'TEXT', 1, None, 0, 0], [2, 'archived', 'INTEGER', 1, '0', 0, 0]], 'columns': ['id', 'title', 'archived'], 'foreign_keys': [], 'indexes': [{'columns': [[0, 1, 'title', 0, 'BINARY', 1], [1, -1, None, 0, 'BINARY', 0]], 'info': [0, 'projects_title_idx', 0, 'c', 0]}], 'rows': [[['integer', '1'], ['text', 'T3JjaGlk'], ['integer', '0']], [['integer', '2'], ['text', 'TWFwbGU='], ['integer', '0']]], 'table_info': ['main', 'projects', 'table', 3, 0, 0]}}, 'views': {}}, 'runtime': {'compile_options': ['ATOMIC_INTRINSICS=1', 'COMPILER=clang-22.1.3', 'DEFAULT_AUTOVACUUM', 'DEFAULT_CACHE_SIZE=-2000', 'DEFAULT_FILE_FORMAT=4', 'DEFAULT_JOURNAL_SIZE_LIMIT=-1', 'DEFAULT_MMAP_SIZE=0', 'DEFAULT_PAGE_SIZE=4096', 'DEFAULT_PCACHE_INITSZ=20', 'DEFAULT_RECURSIVE_TRIGGERS', 'DEFAULT_SECTOR_SIZE=4096', 'DEFAULT_SYNCHRONOUS=2', 'DEFAULT_WAL_AUTOCHECKPOINT=1000', 'DEFAULT_WAL_SYNCHRONOUS=2', 'DEFAULT_WORKER_THREADS=0', 'DIRECT_OVERFLOW_READ', 'ENABLE_DBSTAT_VTAB', 'ENABLE_FTS3', 'ENABLE_FTS3_PARENTHESIS', 'ENABLE_FTS4', 'ENABLE_FTS5', 'ENABLE_GEOPOLY', 'ENABLE_MATH_FUNCTIONS', 'ENABLE_PERCENTILE', 'ENABLE_RTREE', 'MALLOC_SOFT_LIMIT=1024', 'MAX_ATTACHED=10', 'MAX_COLUMN=2000', 'MAX_COMPOUND_SELECT=500', 'MAX_DEFAULT_PAGE_SIZE=8192', 'MAX_EXPR_DEPTH=1000', 'MAX_FUNCTION_ARG=1000', 'MAX_LENGTH=1000000000', 'MAX_LIKE_PATTERN_LENGTH=50000', 'MAX_MMAP_SIZE=0x7fff0000', 'MAX_PAGE_COUNT=0xfffffffe', 'MAX_PAGE_SIZE=65536', 'MAX_SQL_LENGTH=1000000000', 'MAX_TRIGGER_DEPTH=1000', 'MAX_VARIABLE_NUMBER=32766', 'MAX_VDBE_OP=250000000', 'MAX_WORKER_THREADS=8', 'MUTEX_PTHREADS', 'SYSTEM_MALLOC', 'TEMP_STORE=1', 'THREADSAFE=1'], 'platform': 'linux', 'python': '3.12.14', 'sqlite': '3.53.1', 'sqlite_source_id': '2026-05-05 10:34:17 c88b22011a54b4f6fbd149e9f8e4de77658ce58143a1af0e3785e4e6475127e9'}, 'source_preserved': True}, 'expected_summary': {'name': '01_safe_additive', 'status': 'pass', 'execution': 'completed', 'complete': True, 'observed_checks': [{'name': 'project_values', 'status': 'pass'}, {'name': 'title_index', 'status': 'pass'}], 'reopened_checks': [{'name': 'project_values', 'status': 'pass'}, {'name': 'title_index', 'status': 'pass'}], 'observed_changes': {'complete': True, 'objects_added': ['index:projects_title_idx'], 'objects_removed': [], 'objects_changed': ['table:projects'], 'tables': {'projects': {'kind': 'projection', 'common_columns': ['id', 'title'], 'columns_added': ['archived'], 'columns_removed': [], 'rows_before': 2, 'rows_after': 2, 'projected_added': 0, 'projected_removed': 0, 'metadata_changed': True}}}, 'reopened_changes': {'complete': True, 'objects_added': ['index:projects_title_idx'], 'objects_removed': [], 'objects_changed': ['table:projects'], 'tables': {'projects': {'kind': 'projection', 'common_columns': ['id', 'title'], 'columns_added': ['archived'], 'columns_removed': [], 'rows_before': 2, 'rows_after': 2, 'projected_added': 0, 'projected_removed': 0, 'metadata_changed': True}}}}, 'candidate_summary': {'name': '01_safe_additive', 'status': 'pass', 'execution': 'completed', 'complete': True, 'observed_checks': [{'name': 'project_values', 'status': 'pass'}, {'name': 'title_index', 'status': 'pass'}], 'reopened_checks': [{'name': 'project_values', 'status': 'pass'}, {'name': 'title_index', 'status': 'pass'}], 'observed_changes': {'complete': True, 'objects_added': ['index:projects_title_idx'], 'objects_removed': [], 'objects_changed': ['table:projects'], 'tables': {'projects': {'kind': 'projection', 'common_columns': ['id', 'title'], 'columns_added': ['archived'], 'columns_removed': [], 'rows_before': 2, 'rows_after': 2, 'projected_added': 0, 'projected_removed': 0, 'metadata_changed': True}}}, 'reopened_changes': {'complete': True, 'objects_added': ['index:projects_title_idx'], 'objects_removed': [], 'objects_changed': ['table:projects'], 'tables': {'projects': {'kind': 'projection', 'common_columns': ['id', 'title'], 'columns_added': ['archived'], 'columns_removed': [], 'rows_before': 2, 'rows_after': 2, 'projected_added': 0, 'projected_removed': 0, 'metadata_changed': True}}}}} : Independent structural reconstruction must be compared too

----------------------------------------------------------------------
Ran 109 tests in 10.103s

FAILED (failures=1)
