test_24_original_executions_match_every_native_fact_and_check (test_independent_semantics.IndependentReferenceTests.test_24_original_executions_match_every_native_fact_and_check) ... FAIL
test_all_frozen_auxiliary_live_and_reopened_observations_are_validated (test_independent_semantics.IndependentReferenceTests.test_all_frozen_auxiliary_live_and_reopened_observations_are_validated) ... ok
test_handwritten_additional_predictions_are_checked_without_rewriting_them (test_independent_semantics.IndependentReferenceTests.test_handwritten_additional_predictions_are_checked_without_rewriting_them) ... ok
test_oracle_keeps_blob_and_invalid_utf8_text_distinct (test_independent_semantics.IndependentReferenceTests.test_oracle_keeps_blob_and_invalid_utf8_text_distinct) ... ok
test_oracle_records_open_transaction_and_reopened_rollback_separately (test_independent_semantics.IndependentReferenceTests.test_oracle_records_open_transaction_and_reopened_rollback_separately) ... ok
test_oracle_retains_duplicate_multiplicity_and_projection_boundary (test_independent_semantics.IndependentReferenceTests.test_oracle_retains_duplicate_multiplicity_and_projection_boundary) ... ok
test_original_frozen_12_cases_and_30_checks_remain_byte_frozen (test_independent_semantics.IndependentReferenceTests.test_original_frozen_12_cases_and_30_checks_remain_byte_frozen) ... ok

======================================================================
FAIL: test_24_original_executions_match_every_native_fact_and_check (test_independent_semantics.IndependentReferenceTests.test_24_original_executions_match_every_native_fact_and_check)
----------------------------------------------------------------------
Traceback (most recent call last):
  File "<workspace>/sqlitefolio/tests/test_independent_semantics.py", line 87, in test_24_original_executions_match_every_native_fact_and_check
    self.assertEqual(report['mismatches'], [])
AssertionError: Lists differ: ["01_safe_additive/schema: $.runtime.platf[55167 chars]ed'"] != []

First list contains 600 additional elements.
First extra element 0:
"01_safe_additive/schema: $.runtime.platform: 'linux' != 'Linux x86_64'"

Diff is 59695 characters long. Set self.maxDiff to None to see it.

----------------------------------------------------------------------
Ran 7 tests in 3.066s

FAILED (failures=1)
