test_24_original_executions_match_every_native_fact_and_check (test_independent_semantics.IndependentReferenceTests.test_24_original_executions_match_every_native_fact_and_check) ... ERROR
test_all_frozen_auxiliary_live_and_reopened_observations_are_validated (test_independent_semantics.IndependentReferenceTests.test_all_frozen_auxiliary_live_and_reopened_observations_are_validated) ... FAIL
test_handwritten_additional_predictions_are_checked_without_rewriting_them (test_independent_semantics.IndependentReferenceTests.test_handwritten_additional_predictions_are_checked_without_rewriting_them) ... FAIL
test_oracle_keeps_blob_and_invalid_utf8_text_distinct (test_independent_semantics.IndependentReferenceTests.test_oracle_keeps_blob_and_invalid_utf8_text_distinct) ... ok
test_oracle_records_open_transaction_and_reopened_rollback_separately (test_independent_semantics.IndependentReferenceTests.test_oracle_records_open_transaction_and_reopened_rollback_separately) ... ok
test_oracle_retains_duplicate_multiplicity_and_projection_boundary (test_independent_semantics.IndependentReferenceTests.test_oracle_retains_duplicate_multiplicity_and_projection_boundary) ... ok
test_original_frozen_12_cases_and_30_checks_remain_byte_frozen (test_independent_semantics.IndependentReferenceTests.test_original_frozen_12_cases_and_30_checks_remain_byte_frozen) ... ok

======================================================================
ERROR: test_24_original_executions_match_every_native_fact_and_check (test_independent_semantics.IndependentReferenceTests.test_24_original_executions_match_every_native_fact_and_check)
----------------------------------------------------------------------
Traceback (most recent call last):
  File "<workspace>/sqlitefolio/tests/test_independent_semantics.py", line 84, in test_24_original_executions_match_every_native_fact_and_check
    report = ref.qualify(ROOT / 'fixtures' / 'frozen', include_additional=True)
             ^^^^^^^^^^^^^^^^^^^^^^^^^^^^^^^^^^^^^^^^^^^^^^^^^^^^^^^^^^^^^^^^^^
  File "<workspace>/sqlitefolio/qualification/independent_semantics.py", line 377, in qualify
    from sqlitefolio.runner import run_candidate
ModuleNotFoundError: No module named 'sqlitefolio.runner'

======================================================================
FAIL: test_all_frozen_auxiliary_live_and_reopened_observations_are_validated (test_independent_semantics.IndependentReferenceTests.test_all_frozen_auxiliary_live_and_reopened_observations_are_validated)
----------------------------------------------------------------------
Traceback (most recent call last):
  File "<workspace>/sqlitefolio/tests/test_independent_semantics.py", line 77, in test_all_frozen_auxiliary_live_and_reopened_observations_are_validated
    self.assertIn('auxiliary_observations', result, 'Original auxiliary predictions must also be checked')
AssertionError: 'auxiliary_observations' not found in {'reference': {'name': '08_unique_collision_transaction', 'runtime': {'python': '3.12.14', 'sqlite': '3.53.1', 'sqlite_source_id': '2026-05-05 10:34:17 c88b22011a54b4f6fbd149e9f8e4de77658ce58143a1af0e3785e4e6475127e9', 'compile_options': ['ATOMIC_INTRINSICS=1', 'COMPILER=clang-22.1.3', 'DEFAULT_AUTOVACUUM', 'DEFAULT_CACHE_SIZE=-2000', 'DEFAULT_FILE_FORMAT=4', 'DEFAULT_JOURNAL_SIZE_LIMIT=-1', 'DEFAULT_MMAP_SIZE=0', 'DEFAULT_PAGE_SIZE=4096', 'DEFAULT_PCACHE_INITSZ=20', 'DEFAULT_RECURSIVE_TRIGGERS', 'DEFAULT_SECTOR_SIZE=4096', 'DEFAULT_SYNCHRONOUS=2', 'DEFAULT_WAL_AUTOCHECKPOINT=1000', 'DEFAULT_WAL_SYNCHRONOUS=2', 'DEFAULT_WORKER_THREADS=0', 'DIRECT_OVERFLOW_READ', 'ENABLE_DBSTAT_VTAB', 'ENABLE_FTS3', 'ENABLE_FTS3_PARENTHESIS', 'ENABLE_FTS4', 'ENABLE_FTS5', 'ENABLE_GEOPOLY', 'ENABLE_MATH_FUNCTIONS', 'ENABLE_PERCENTILE', 'ENABLE_RTREE', 'MALLOC_SOFT_LIMIT=1024', 'MAX_ATTACHED=10', 'MAX_COLUMN=2000', 'MAX_COMPOUND_SELECT=500', 'MAX_DEFAULT_PAGE_SIZE=8192', 'MAX_EXPR_DEPTH=1000', 'MAX_FUNCTION_ARG=1000', 'MAX_LENGTH=1000000000', 'MAX_LIKE_PATTERN_LENGTH=50000', 'MAX_MMAP_SIZE=0x7fff0000', 'MAX_PAGE_COUNT=0xfffffffe', 'MAX_PAGE_SIZE=65536', 'MAX_SQL_LENGTH=1000000000', 'MAX_TRIGGER_DEPTH=1000', 'MAX_VARIABLE_NUMBER=32766', 'MAX_VDBE_OP=250000000', 'MAX_WORKER_THREADS=8', 'MUTEX_PTHREADS', 'SYSTEM_MALLOC', 'TEMP_STORE=1', 'THREADSAFE=1'], 'platform': 'Linux'}, 'profile': {'foreign_keys': True, 'transaction_mode': 'autocommit'}, 'execution': {'status': 'sqlite_error', 'error': {'kind': 'sqlite_error', 'message': 'UNIQUE constraint failed: contacts.normalized', 'sqlite_code': 2067, 'sqlite_name': 'SQLITE_CONSTRAINT_UNIQUE'}, 'in_transaction': True, 'foreign_keys_start': True, 'foreign_keys_end': True}, 'before': {'complete': True, 'error': None, 'objects': [{'type': 'table', 'name': 'contacts', 'table': 'contacts', 'sql': 'CREATE TABLE contacts (id INTEGER PRIMARY KEY, email TEXT NOT NULL)'}], 'tables': {'contacts': {'columns': ['id', 'email'], 'column_info': [[0, 'id', 'INTEGER', 0, None, 1, 0], [1, 'email', 'TEXT', 1, None, 0, 0]], 'table_info': ['main', 'contacts', 'table', 2, 0, 0], 'foreign_keys': [], 'indexes': [], 'rows': [[['integer', '1'], ['text', 'U2FtQGV4YW1wbGUudGVzdA==']], [['integer', '2'], ['text', 'c2FtQGV4YW1wbGUudGVzdA==']]]}}, 'views': {}, 'diagnostics': {'foreign_key_check': {'rows': [], 'error': None}, 'integrity_check': {'rows': [[['text', 'b2s=']]], 'error': None}, 'foreign_keys': True}, 'sequences': []}, 'observed': {'complete': True, 'error': None, 'objects': [{'type': 'table', 'name': 'contacts', 'table': 'contacts', 'sql': 'CREATE TABLE contacts (id INTEGER PRIMARY KEY, email TEXT NOT NULL, normalized TEXT)'}], 'tables': {'contacts': {'columns': ['id', 'email', 'normalized'], 'column_info': [[0, 'id', 'INTEGER', 0, None, 1, 0], [1, 'email', 'TEXT', 1, None, 0, 0], [2, 'normalized', 'TEXT', 0, None, 0, 0]], 'table_info': ['main', 'contacts', 'table', 3, 0, 0], 'foreign_keys': [], 'indexes': [], 'rows': [[['integer', '1'], ['text', 'U2FtQGV4YW1wbGUudGVzdA=='], ['text', 'c2FtQGV4YW1wbGUudGVzdA==']], [['integer', '2'], ['text', 'c2FtQGV4YW1wbGUudGVzdA=='], ['text', 'c2FtQGV4YW1wbGUudGVzdA==']]]}}, 'views': {}, 'diagnostics': {'foreign_key_check': {'rows': [], 'error': None}, 'integrity_check': {'rows': [[['text', 'b2s=']]], 'error': None}, 'foreign_keys': True}, 'sequences': []}, 'reopened': {'complete': True, 'error': None, 'objects': [{'type': 'table', 'name': 'contacts', 'table': 'contacts', 'sql': 'CREATE TABLE contacts (id INTEGER PRIMARY KEY, email TEXT NOT NULL)'}], 'tables': {'contacts': {'columns': ['id', 'email'], 'column_info': [[0, 'id', 'INTEGER', 0, None, 1, 0], [1, 'email', 'TEXT', 1, None, 0, 0]], 'table_info': ['main', 'contacts', 'table', 2, 0, 0], 'foreign_keys': [], 'indexes': [], 'rows': [[['integer', '1'], ['text', 'U2FtQGV4YW1wbGUudGVzdA==']], [['integer', '2'], ['text', 'c2FtQGV4YW1wbGUudGVzdA==']]]}}, 'views': {}, 'diagnostics': {'foreign_key_check': {'rows': [], 'error': None}, 'integrity_check': {'rows': [[['text', 'b2s=']]], 'error': None}, 'foreign_keys': True}, 'sequences': []}, 'queries': {'unique_index_exists': {'before': {'rows': [], 'error': None, 'complete': True}, 'observed': {'rows': [], 'error': None, 'complete': True}, 'reopened': {'rows': [], 'error': None, 'complete': True}}, 'no_duplicate_normalized': {'before': {'rows': None, 'error': {'kind': 'sqlite_error', 'message': 'no such column: normalized', 'sqlite_code': 1, 'sqlite_name': 'SQLITE_ERROR'}, 'complete': False}, 'observed': {'rows': [[['text', 'c2FtQGV4YW1wbGUudGVzdA=='], ['integer', '2']]], 'error': None, 'complete': True}, 'reopened': {'rows': None, 'error': {'kind': 'sqlite_error', 'message': 'no such column: normalized', 'sqlite_code': 1, 'sqlite_name': 'SQLITE_ERROR'}, 'complete': False}}, 'finished_marker': {'before': {'rows': [], 'error': None, 'complete': True}, 'observed': {'rows': [], 'error': None, 'complete': True}, 'reopened': {'rows': [], 'error': None, 'complete': True}}}, 'source_preserved': True}, 'expected_summary': {'name': '08_unique_collision_transaction', 'status': 'execution_error', 'execution': 'sqlite_error', 'complete': True, 'observed_checks': [{'name': 'unique_index_exists', 'status': 'fail'}, {'name': 'no_duplicate_normalized', 'status': 'fail'}, {'name': 'finished_marker', 'status': 'fail'}], 'reopened_checks': [{'name': 'unique_index_exists', 'status': 'fail'}, {'name': 'no_duplicate_normalized', 'status': 'error'}, {'name': 'finished_marker', 'status': 'fail'}], 'observed_changes': {'complete': True, 'objects_added': [], 'objects_removed': [], 'objects_changed': ['table:contacts'], 'tables': {'contacts': {'kind': 'projection', 'common_columns': ['id', 'email'], 'columns_added': ['normalized'], 'columns_removed': [], 'rows_before': 2, 'rows_after': 2, 'projected_added': 0, 'projected_removed': 0, 'metadata_changed': True}}}, 'reopened_changes': {'complete': True, 'objects_added': [], 'objects_removed': [], 'objects_changed': [], 'tables': {'contacts': {'kind': 'projection', 'common_columns': ['id', 'email'], 'columns_added': [], 'columns_removed': [], 'rows_before': 2, 'rows_after': 2, 'projected_added': 0, 'projected_removed': 0, 'metadata_changed': False}}}}, 'prediction_matches': True, 'prediction_errors': []} : Original auxiliary predictions must also be checked

======================================================================
FAIL: test_handwritten_additional_predictions_are_checked_without_rewriting_them (test_independent_semantics.IndependentReferenceTests.test_handwritten_additional_predictions_are_checked_without_rewriting_them)
----------------------------------------------------------------------
Traceback (most recent call last):
  File "<workspace>/sqlitefolio/tests/test_independent_semantics.py", line 68, in test_handwritten_additional_predictions_are_checked_without_rewriting_them
    self.assertTrue(hasattr(ref, 'validate_additional_predictions'), 'Additional prediction validator is missing')
AssertionError: False is not true : Additional prediction validator is missing

----------------------------------------------------------------------
Ran 7 tests in 0.036s

FAILED (failures=2, errors=1)
