test_coordinator_refuses_accumulation_before_next_candidate (test_output_review.OutputBoundaryReviewTests.test_coordinator_refuses_accumulation_before_next_candidate) ... ok
test_incomplete_report_does_not_call_its_raw_snapshots_complete (test_output_review.OutputBoundaryReviewTests.test_incomplete_report_does_not_call_its_raw_snapshots_complete) ... FAIL
test_input_lexical_symlink_before_dotdot_is_rejected (test_output_review.OutputBoundaryReviewTests.test_input_lexical_symlink_before_dotdot_is_rejected) ... FAIL
test_inspect_does_not_emit_report_replaced_after_verification (test_output_review.OutputBoundaryReviewTests.test_inspect_does_not_emit_report_replaced_after_verification) ... FAIL
test_output_lexical_symlink_before_dotdot_is_rejected_before_writes (test_output_review.OutputBoundaryReviewTests.test_output_lexical_symlink_before_dotdot_is_rejected_before_writes) ... FAIL
test_overflowed_json_number_is_rejected_as_nonfinite (test_output_review.OutputBoundaryReviewTests.test_overflowed_json_number_is_rejected_as_nonfinite) ... 
  test_overflowed_json_number_is_rejected_as_nonfinite (test_output_review.OutputBoundaryReviewTests.test_overflowed_json_number_is_rejected_as_nonfinite) (encoded=b'{"x":1e999}') ... FAIL
  test_overflowed_json_number_is_rejected_as_nonfinite (test_output_review.OutputBoundaryReviewTests.test_overflowed_json_number_is_rejected_as_nonfinite) (encoded=b'{"x":-1e999}') ... FAIL
test_partial_successful_writes_are_retried_to_completion (test_output_review.OutputBoundaryReviewTests.test_partial_successful_writes_are_retried_to_completion) ... ok
test_replay_does_not_use_binding_replaced_after_verification (test_output_review.OutputBoundaryReviewTests.test_replay_does_not_use_binding_replaced_after_verification) ... FAIL
test_report_capacity_failure_does_not_publish (test_output_review.OutputBoundaryReviewTests.test_report_capacity_failure_does_not_publish) ... ok
test_stage_name_collision_never_deletes_an_unowned_directory (test_output_review.OutputBoundaryReviewTests.test_stage_name_collision_never_deletes_an_unowned_directory) ... FAIL
test_verifier_refuses_oversized_packet_before_reading (test_output_review.OutputBoundaryReviewTests.test_verifier_refuses_oversized_packet_before_reading) ... ok

======================================================================
FAIL: test_incomplete_report_does_not_call_its_raw_snapshots_complete (test_output_review.OutputBoundaryReviewTests.test_incomplete_report_does_not_call_its_raw_snapshots_complete)
----------------------------------------------------------------------
Traceback (most recent call last):
  File "[workspace]/sqlitefolio/tests/test_output_review.py", line 182, in test_incomplete_report_does_not_call_its_raw_snapshots_complete
    self.assertNotIn("Underlying complete raw facts and diagnostics", text)
AssertionError: 'Underlying complete raw facts and diagnostics' unexpectedly found in '<!doctype html><html lang="en"><meta charset="utf-8"><meta name="viewport" content="width=device-width,initial-scale=1">\n<meta http-equiv="Content-Security-Policy" content="default-src &apos;none&apos;; style-src &apos;unsafe-inline&apos;">\n<title>SQLiteFolio migration review</title><style>body{font:16px/1.5 system-ui,sans-serif;max-width:1150px;margin:40px auto;padding:0 24px;color:#192b38;background:#faf9f5}h1{font-size:2.6rem;letter-spacing:-.06em}h2{margin-top:3rem}a{color:#155f78}table{border-collapse:collapse;width:100%;background:white}th,td{text-align:left;padding:10px;border:1px solid #ccd4d7;vertical-align:top}pre{white-space:pre-wrap;overflow-wrap:anywhere;background:#edf1f0;padding:16px;font-size:12px}summary{cursor:pointer;font-weight:600}.notice{padding:16px;border-left:5px solid #ba6818;background:#fff1d9}.label{font-size:.8rem;text-transform:uppercase;letter-spacing:.1em}li{margin:.4rem 0}</style>\n<main><p class="label">Trusted sample migration evidence</p><h1>SQLiteFolio</h1>\n<p>Scenario: <strong>output_review</strong></p>\n<p class="notice">These are finite sample observations. A passing packet is not a production-safety verdict. Structural verification checks consistency; source-bound replay is a separate operation.</p>\n<h2>Comparison under one source and profile</h2>\n<pre>{\n  &quot;input_sha256&quot;: &quot;9fa3aa2b97896fd6643028ee7b5a54a2253f1905c06e32652a6d9dc8c9025c5a&quot;,\n  &quot;profile&quot;: {\n    &quot;foreign_keys&quot;: true,\n    &quot;transaction_mode&quot;: &quot;autocommit&quot;\n  },\n  &quot;source&quot;: {\n    &quot;included&quot;: false,\n    &quot;kind&quot;: &quot;sql&quot;,\n    &quot;sha256&quot;: &quot;c0d36ea3c4c1587800530cbde2b353ccb645709b5deb4b73a1890ff7610c4dfb&quot;,\n    &quot;snapshot_sha256&quot;: &quot;c9d0a56156870a52ee784a0b7eee9d6b79e51de113b0a4930108931546e218c0&quot;\n  }\n}</pre>\n<table><thead><tr><th>Candidate</th><th>Execution</th><th>Review status</th><th>Snapshot completeness</th></tr></thead><tbody>\n<tr><td><a href="#candidate-0">proposal</a></td><td>resource_limit</td><td>incomplete</td><td>False</td></tr>\n</tbody></table><p>No ranking or automatic candidate selection. Changes can be intentional; review the exact SQL and your named expectations.</p>\n<section id="candidate-0"><h2>proposal</h2><h3>Execution and runtime</h3>\n<pre>{\n  &quot;execution&quot;: {\n    &quot;error&quot;: {\n      &quot;kind&quot;: &quot;resource_limit&quot;,\n      &quot;message&quot;: &quot;Rows per table/query budget exceeded&quot;,\n      &quot;sqlite_code&quot;: null,\n      &quot;sqlite_name&quot;: null\n    },\n    &quot;foreign_keys_end&quot;: null,\n    &quot;foreign_keys_start&quot;: true,\n    &quot;in_transaction&quot;: null,\n    &quot;status&quot;: &quot;resource_limit&quot;\n  },\n  &quot;runtime&quot;: {\n    &quot;compile_options&quot;: [\n      &quot;ATOMIC_INTRINSICS=1&quot;,\n      &quot;COMPILER=clang-22.1.3&quot;,\n      &quot;DEFAULT_AUTOVACUUM&quot;,\n      &quot;DEFAULT_CACHE_SIZE=-2000&quot;,\n      &quot;DEFAULT_FILE_FORMAT=4&quot;,\n      &quot;DEFAULT_JOURNAL_SIZE_LIMIT=-1&quot;,\n      &quot;DEFAULT_MMAP_SIZE=0&quot;,\n      &quot;DEFAULT_PAGE_SIZE=4096&quot;,\n      &quot;DEFAULT_PCACHE_INITSZ=20&quot;,\n      &quot;DEFAULT_RECURSIVE_TRIGGERS&quot;,\n      &quot;DEFAULT_SECTOR_SIZE=4096&quot;,\n      &quot;DEFAULT_SYNCHRONOUS=2&quot;,\n      &quot;DEFAULT_WAL_AUTOCHECKPOINT=1000&quot;,\n      &quot;DEFAULT_WAL_SYNCHRONOUS=2&quot;,\n      &quot;DEFAULT_WORKER_THREADS=0&quot;,\n      &quot;DIRECT_OVERFLOW_READ&quot;,\n      &quot;ENABLE_DBSTAT_VTAB&quot;,\n      &quot;ENABLE_FTS3&quot;,\n      &quot;ENABLE_FTS3_PARENTHESIS&quot;,\n      &quot;ENABLE_FTS4&quot;,\n      &quot;ENABLE_FTS5&quot;,\n      &quot;ENABLE_GEOPOLY&quot;,\n      &quot;ENABLE_MATH_FUNCTIONS&quot;,\n      &quot;ENABLE_PERCENTILE&quot;,\n      &quot;ENABLE_RTREE&quot;,\n      &quot;MALLOC_SOFT_LIMIT=1024&quot;,\n      &quot;MAX_ATTACHED=10&quot;,\n      &quot;MAX_COLUMN=2000&quot;,\n      &quot;MAX_COMPOUND_SELECT=500&quot;,\n      &quot;MAX_DEFAULT_PAGE_SIZE=8192&quot;,\n      &quot;MAX_EXPR_DEPTH=1000&quot;,\n      &quot;MAX_FUNCTION_ARG=1000&quot;,\n      &quot;MAX_LENGTH=1000000000&quot;,\n      &quot;MAX_LIKE_PATTERN_LENGTH=50000&quot;,\n      &quot;MAX_MMAP_SIZE=0x7fff0000&quot;,\n      &quot;MAX_PAGE_COUNT=0xfffffffe&quot;,\n      &quot;MAX_PAGE_SIZE=65536&quot;,\n      &quot;MAX_SQL_LENGTH=1000000000&quot;,\n      &quot;MAX_TRIGGER_DEPTH=1000&quot;,\n      &quot;MAX_VARIABLE_NUMBER=32766&quot;,\n      &quot;MAX_VDBE_OP=250000000&quot;,\n      &quot;MAX_WORKER_THREADS=8&quot;,\n      &quot;MUTEX_PTHREADS&quot;,\n      &quot;SYSTEM_MALLOC&quot;,\n      &quot;TEMP_STORE=1&quot;,\n      &quot;THREADSAFE=1&quot;\n    ],\n    &quot;implementation&quot;: &quot;CPython&quot;,\n    &quot;machine&quot;: &quot;x86_64&quot;,\n    &quot;platform&quot;: &quot;linux&quot;,\n    &quot;python&quot;: &quot;3.12.14&quot;,\n    &quot;python_build&quot;: &quot;3.12.14 (main, Aug 25 2026, 14:00:49) [Clang 22.1.3 ]&quot;,\n    &quot;sqlite&quot;: &quot;3.53.1&quot;,\n    &quot;sqlite_source_id&quot;: &quot;2026-05-05 10:34:17 c88b22011a54b4f6fbd149e9f8e4de77658ce58143a1af0e3785e4e6475127e9&quot;\n  }\n}</pre>\n<p>Each change count below is a common-column multiset projection. Added and removed columns are shown separately; no row correspondence is inferred.</p>\n<h3>Observed in-session</h3><p><a href="#candidate-0-observed">Underlying complete raw facts and diagnostics</a></p>\n<h4>Named checks</h4>\n<pre>[]</pre>\n<h4>Schema and projected typed-row changes</h4>\n<pre>{\n  &quot;complete&quot;: false,\n  &quot;objects_added&quot;: null,\n  &quot;objects_changed&quot;: null,\n  &quot;objects_removed&quot;: null,\n  &quot;tables&quot;: {}\n}</pre>\n<details id="candidate-0-observed"><summary>Raw observed snapshot</summary>\n<pre>null</pre>\n</details>\n<h3>Reopened after controlled close</h3><p><a href="#candidate-0-reopened">Underlying complete raw facts and diagnostics</a></p>\n<h4>Named checks</h4>\n<pre>[]</pre>\n<h4>Schema and projected typed-row changes</h4>\n<pre>{\n  &quot;complete&quot;: false,\n  &quot;objects_added&quot;: null,\n  &quot;objects_changed&quot;: null,\n  &quot;objects_removed&quot;: null,\n  &quot;tables&quot;: {}\n}</pre>\n<details id="candidate-0-reopened"><summary>Raw reopened snapshot</summary>\n<pre>null</pre>\n</details>\n<details><summary>Baseline snapshot</summary>\n<pre>{\n  &quot;complete&quot;: false,\n  &quot;diagnostics&quot;: {\n    &quot;foreign_key_check&quot;: {\n      &quot;error&quot;: {\n        &quot;kind&quot;: &quot;not_run&quot;,\n        &quot;message&quot;: &quot;Phase was not run&quot;,\n        &quot;sqlite_code&quot;: null,\n        &quot;sqlite_name&quot;: null\n      },\n      &quot;rows&quot;: []\n    },\n    &quot;foreign_keys&quot;: true,\n    &quot;integrity_check&quot;: {\n      &quot;error&quot;: {\n        &quot;kind&quot;: &quot;not_run&quot;,\n        &quot;message&quot;: &quot;Phase was not run&quot;,\n        &quot;sqlite_code&quot;: null,\n        &quot;sqlite_name&quot;: null\n      },\n      &quot;rows&quot;: []\n    }\n  },\n  &quot;error&quot;: {\n    &quot;kind&quot;: &quot;resource_limit&quot;,\n    &quot;message&quot;: &quot;Rows per table/query budget exceeded&quot;,\n    &quot;sqlite_code&quot;: null,\n    &quot;sqlite_name&quot;: null\n  },\n  &quot;objects&quot;: [\n    {\n      &quot;name&quot;: &quot;t&quot;,\n      &quot;sql&quot;: &quot;CREATE TABLE t(x INTEGER)&quot;,\n      &quot;table&quot;: &quot;t&quot;,\n      &quot;type&quot;: &quot;table&quot;\n    }\n  ],\n  &quot;sequences&quot;: [],\n  &quot;tables&quot;: {},\n  &quot;views&quot;: {}\n}</pre>\n</details>\n<details><summary>Raw invariant queries in all phases</summary>\n<pre>{}</pre>\n</details></section>\n<h2>Declared contract and input identities</h2>\n<pre>{\n  &quot;candidates&quot;: [\n    {\n      &quot;name&quot;: &quot;proposal&quot;,\n      &quot;sql&quot;: &quot;inputs/candidate-1.sql&quot;\n    }\n  ],\n  &quot;format&quot;: &quot;sqlitefolio.input.v1&quot;,\n  &quot;invariants&quot;: [],\n  &quot;limits&quot;: {\n    &quot;evidence_bytes&quot;: 16777216,\n    &quot;rows_per_query&quot;: 1,\n    &quot;vm_steps&quot;: 2000000,\n    &quot;wall_seconds&quot;: 30\n  },\n  &quot;profile&quot;: {\n    &quot;foreign_keys&quot;: true,\n    &quot;transaction_mode&quot;: &quot;autocommit&quot;\n  },\n  &quot;scenario&quot;: &quot;output_review&quot;,\n  &quot;source&quot;: {\n    &quot;schema&quot;: &quot;inputs/schema.sql&quot;,\n    &quot;seed&quot;: &quot;inputs/seed.sql&quot;\n  }\n}</pre>\n<pre>{\n  &quot;inputs/candidate-1.sql&quot;: &quot;17db4fd369edb9244b9f91d9aeed145c3d04ad8ba6e95d06247f07a63527d11a&quot;,\n  &quot;inputs/original-manifest.json&quot;: &quot;27bbab5f795122a912a65f201b953d9aa8dc80bd46d838e79e2c4c8070627129&quot;,\n  &quot;inputs/schema.sql&quot;: &quot;774b34727b1c40fb06ea5c26f2009c01cd1f3a841e6ae6fdb3467721fe505154&quot;,\n  &quot;inputs/seed.sql&quot;: &quot;8e36a465c2a770f5ae392ae967eec1f28f4ba4d71199b8987f0595a20a59c1be&quot;\n}</pre>\n<h2>Limits of interpretation</h2><ul>\n<li>Trusted sample input only; guardrails are not a hostile-input security sandbox.</li>\n<li>Sample checks do not prove production safety or correctness for other data.</li>\n<li>Reopened state follows controlled close; no crash durability or rollback guarantee.</li>\n<li>Row deltas are common-column multiset projections, not inferred row identity.</li>\n<li>Structural verification checks consistency, not authorship or SQLite engine correctness.</li>\n<li>Source-bound replay is separate and uses the same qualified SQLite engine.</li>\n<li>Existing migration tools and competent SQLite recipes can obtain these same facts.</li>\n</ul><p>Atlas migration tests, Alembic assertions, sqlite-utils schema diffs and capable SQLite inspection recipes deserve full capability credit. This packet integrates review evidence; no detection, performance or adoption superiority is claimed.</p></main></html>'

======================================================================
FAIL: test_input_lexical_symlink_before_dotdot_is_rejected (test_output_review.OutputBoundaryReviewTests.test_input_lexical_symlink_before_dotdot_is_rejected)
----------------------------------------------------------------------
Traceback (most recent call last):
  File "[workspace]/sqlitefolio/tests/test_output_review.py", line 54, in test_input_lexical_symlink_before_dotdot_is_rejected
    with self.assertRaises(InputError):
         ^^^^^^^^^^^^^^^^^^^^^^^^^^^^^
AssertionError: InputError not raised

======================================================================
FAIL: test_inspect_does_not_emit_report_replaced_after_verification (test_output_review.OutputBoundaryReviewTests.test_inspect_does_not_emit_report_replaced_after_verification)
----------------------------------------------------------------------
Traceback (most recent call last):
  File "[workspace]/sqlitefolio/tests/test_output_review.py", line 150, in test_inspect_does_not_emit_report_replaced_after_verification
    self.assertNotIn(replacement, emitted, "inspect reread and emitted unverified replacement bytes")
AssertionError: 'THIS REPORT WAS NEVER VERIFIED\n' unexpectedly found in ['THIS REPORT WAS NEVER VERIFIED\n'] : inspect reread and emitted unverified replacement bytes

======================================================================
FAIL: test_output_lexical_symlink_before_dotdot_is_rejected_before_writes (test_output_review.OutputBoundaryReviewTests.test_output_lexical_symlink_before_dotdot_is_rejected_before_writes)
----------------------------------------------------------------------
Traceback (most recent call last):
  File "[workspace]/sqlitefolio/tests/test_output_review.py", line 63, in test_output_lexical_symlink_before_dotdot_is_rejected_before_writes
    with self.assertRaises(InputError):
         ^^^^^^^^^^^^^^^^^^^^^^^^^^^^^
AssertionError: InputError not raised

======================================================================
FAIL: test_overflowed_json_number_is_rejected_as_nonfinite (test_output_review.OutputBoundaryReviewTests.test_overflowed_json_number_is_rejected_as_nonfinite) (encoded=b'{"x":1e999}')
----------------------------------------------------------------------
Traceback (most recent call last):
  File "[workspace]/sqlitefolio/tests/test_output_review.py", line 45, in test_overflowed_json_number_is_rejected_as_nonfinite
    with self.subTest(encoded=encoded), self.assertRaises(InputError):
                                        ^^^^^^^^^^^^^^^^^^^^^^^^^^^^^
AssertionError: InputError not raised

======================================================================
FAIL: test_overflowed_json_number_is_rejected_as_nonfinite (test_output_review.OutputBoundaryReviewTests.test_overflowed_json_number_is_rejected_as_nonfinite) (encoded=b'{"x":-1e999}')
----------------------------------------------------------------------
Traceback (most recent call last):
  File "[workspace]/sqlitefolio/tests/test_output_review.py", line 45, in test_overflowed_json_number_is_rejected_as_nonfinite
    with self.subTest(encoded=encoded), self.assertRaises(InputError):
                                        ^^^^^^^^^^^^^^^^^^^^^^^^^^^^^
AssertionError: InputError not raised

======================================================================
FAIL: test_replay_does_not_use_binding_replaced_after_verification (test_output_review.OutputBoundaryReviewTests.test_replay_does_not_use_binding_replaced_after_verification)
----------------------------------------------------------------------
Traceback (most recent call last):
  File "[workspace]/sqlitefolio/tests/test_output_review.py", line 171, in test_replay_does_not_use_binding_replaced_after_verification
    self.assertFalse(result["matched"], "replay trusted a new binding not checked against retained SQL")
AssertionError: True is not false : replay trusted a new binding not checked against retained SQL

======================================================================
FAIL: test_stage_name_collision_never_deletes_an_unowned_directory (test_output_review.OutputBoundaryReviewTests.test_stage_name_collision_never_deletes_an_unowned_directory)
----------------------------------------------------------------------
Traceback (most recent call last):
  File "[workspace]/sqlitefolio/tests/test_output_review.py", line 78, in test_stage_name_collision_never_deletes_an_unowned_directory
    self.assertTrue(sentinel.is_file(), "cleanup removed a stage this call did not create")
AssertionError: False is not true : cleanup removed a stage this call did not create

----------------------------------------------------------------------
Ran 11 tests in 0.411s

FAILED (failures=8)
