test_after_rename_fsync_failure_truthful (test_publication.PublicationTests.test_after_rename_fsync_failure_truthful) ... ok
test_atomically_publishes (test_publication.PublicationTests.test_atomically_publishes) ... ok
test_no_clobber_empty_or_nonempty (test_publication.PublicationTests.test_no_clobber_empty_or_nonempty) ... ok
test_partial_write_cleanup (test_publication.PublicationTests.test_partial_write_cleanup) ... ok
test_true_concurrent_noreplace_races (test_publication.PublicationTests.test_true_concurrent_noreplace_races) ... ok
test_closed_stdout_keeps_published_packet (test_cli_packet.CLIPacketTests.test_closed_stdout_keeps_published_packet) ... ok
test_database_inclusion_opt_in (test_cli_packet.CLIPacketTests.test_database_inclusion_opt_in) ... ok
test_full_sql_journey (test_cli_packet.CLIPacketTests.test_full_sql_journey) ... ok
test_open_transaction_and_preservation (test_cli_packet.CLIPacketTests.test_open_transaction_and_preservation) ... ok
test_replay_changed_sql (test_cli_packet.CLIPacketTests.test_replay_changed_sql) ... ok
test_requires_explicit_trust (test_cli_packet.CLIPacketTests.test_requires_explicit_trust) ... ok
test_static_escape_and_limitations (test_report.ReportTests.test_static_escape_and_limitations) ... ok
test_rehashed_false_summary_fails_despite_matching_html (test_verifier.VerifierBoundaryTests.test_rehashed_false_summary_fails_despite_matching_html) ... ok
test_boolean_number_summary_substitution_is_rejected (test_verifier.VerifierBoundaryTests.test_boolean_number_summary_substitution_is_rejected) ... ok
test_partial_error_packet_valid_but_never_zero (test_verifier.VerifierBoundaryTests.test_partial_error_packet_valid_but_never_zero) ... ok
test_evidence_limit_enforced_with_minimal_error_envelope_exception (test_verifier.VerifierBoundaryTests.test_evidence_limit_enforced_with_minimal_error_envelope_exception) ... ok
test_lexical_symlink_component_is_rejected_even_before_dotdot (test_verifier.VerifierAdditionalTests.test_lexical_symlink_component_is_rejected_even_before_dotdot) ... ok

----------------------------------------------------------------------
Ran 17 tests in 1.176s

OK
