test_all_nonquery_invariants_reconstructed_from_facts (test_verifier.VerifierAdditionalTests.test_all_nonquery_invariants_reconstructed_from_facts) ... ok
test_complete_baselines_agree_even_with_missing_failure_baseline (test_verifier.VerifierAdditionalTests.test_complete_baselines_agree_even_with_missing_failure_baseline) ... ok
test_db_digest_is_declared_without_sample_and_checked_with_sample (test_verifier.VerifierAdditionalTests.test_db_digest_is_declared_without_sample_and_checked_with_sample) ... ok
test_incomplete_metadata_does_not_require_complete_object_correspondence (test_verifier.VerifierAdditionalTests.test_incomplete_metadata_does_not_require_complete_object_correspondence) ... ERROR
test_lexical_symlink_component_is_rejected_even_before_dotdot (test_verifier.VerifierAdditionalTests.test_lexical_symlink_component_is_rejected_even_before_dotdot) ... FAIL
test_long_exact_native_error_message_is_allowed_within_evidence_cap (test_verifier.VerifierAdditionalTests.test_long_exact_native_error_message_is_allowed_within_evidence_cap) ... ERROR
test_original_repeated_filename_must_retain_identical_bytes (test_verifier.VerifierAdditionalTests.test_original_repeated_filename_must_retain_identical_bytes) ... FAIL
test_query_equals_ignores_baseline_errors_and_required_notrun_is_incomplete (test_verifier.VerifierAdditionalTests.test_query_equals_ignores_baseline_errors_and_required_notrun_is_incomplete) ... ok
test_boolean_number_summary_substitution_is_rejected (test_verifier.VerifierBoundaryTests.test_boolean_number_summary_substitution_is_rejected) ... ok
test_complete_packet_passes_structural_checks (test_verifier.VerifierBoundaryTests.test_complete_packet_passes_structural_checks) ... ok
test_empty_partial_diagnostics_is_valid_incomplete (test_verifier.VerifierBoundaryTests.test_empty_partial_diagnostics_is_valid_incomplete) ... ok
test_evidence_limit_enforced_with_minimal_error_envelope_exception (test_verifier.VerifierBoundaryTests.test_evidence_limit_enforced_with_minimal_error_envelope_exception) ... ok
test_extra_directory_file_symlink_and_hardlink_rejected (test_verifier.VerifierBoundaryTests.test_extra_directory_file_symlink_and_hardlink_rejected) ... ok
test_open_transaction_null_error_is_valid_nonpassing (test_verifier.VerifierBoundaryTests.test_open_transaction_null_error_is_valid_nonpassing) ... ok
test_partial_error_packet_valid_but_never_zero (test_verifier.VerifierBoundaryTests.test_partial_error_packet_valid_but_never_zero) ... ok
test_rehashed_false_summary_fails_despite_matching_html (test_verifier.VerifierBoundaryTests.test_rehashed_false_summary_fails_despite_matching_html) ... ok
test_rehashed_original_manifest_semantics_must_match (test_verifier.VerifierBoundaryTests.test_rehashed_original_manifest_semantics_must_match) ... ok
test_report_and_manifest_bytes_are_exact (test_verifier.VerifierBoundaryTests.test_report_and_manifest_bytes_are_exact) ... ok
test_sql_packet_cannot_claim_included_database (test_verifier.VerifierBoundaryTests.test_sql_packet_cannot_claim_included_database) ... ok
test_before_profile_runtime_group_identity (test_verifier.VerifierTests.test_before_profile_runtime_group_identity) ... ok
test_incomplete_snapshot_has_no_numeric_changes (test_verifier.VerifierTests.test_incomplete_snapshot_has_no_numeric_changes) ... ok
test_malformed_packet_returns_controlled_failure (test_verifier.VerifierTests.test_malformed_packet_returns_controlled_failure) ... ok
test_missing_query_phase_rejected (test_verifier.VerifierTests.test_missing_query_phase_rejected) ... ok
test_no_common_columns_never_claims_row_loss (test_verifier.VerifierTests.test_no_common_columns_never_claims_row_loss) ... ok
test_query_boolean_does_not_use_python_truthiness (test_verifier.VerifierTests.test_query_boolean_does_not_use_python_truthiness) ... ok
test_query_preserved_bag_is_typed_multiset (test_verifier.VerifierTests.test_query_preserved_bag_is_typed_multiset) ... ok
test_reconstructs_duplicate_projection_counts_and_every_summary_field (test_verifier.VerifierTests.test_reconstructs_duplicate_projection_counts_and_every_summary_field) ... ok
test_rejects_raw_shape_and_typed_cell_forgeries (test_verifier.VerifierTests.test_rejects_raw_shape_and_typed_cell_forgeries) ... ok
test_view_and_native_diagnostic_errors_never_pass (test_verifier.VerifierTests.test_view_and_native_diagnostic_errors_never_pass) ... ok

======================================================================
ERROR: test_incomplete_metadata_does_not_require_complete_object_correspondence (test_verifier.VerifierAdditionalTests.test_incomplete_metadata_does_not_require_complete_object_correspondence)
----------------------------------------------------------------------
Traceback (most recent call last):
  File "[workspace]/sqlitefolio/tests/test_verifier.py", line 230, in test_incomplete_metadata_does_not_require_complete_object_correspondence
    self.assertEqual(self.reconstruct(manifest(),[raw])[0]['status'],'incomplete')
                     ^^^^^^^^^^^^^^^^^^^^^^^^^^^^^^^^^^
  File "[workspace]/sqlitefolio/src/sqlitefolio/verify.py", line 521, in reconstruct
    _validate_candidate(actual,manifest)
  File "[workspace]/sqlitefolio/src/sqlitefolio/verify.py", line 377, in _validate_candidate
    total = sum(_snapshot(value[phase],manifest['limits']) for phase in _PHASES)
            ^^^^^^^^^^^^^^^^^^^^^^^^^^^^^^^^^^^^^^^^^^^^^^^^^^^^^^^^^^^^^^^^^^^^
  File "[workspace]/sqlitefolio/src/sqlitefolio/verify.py", line 377, in <genexpr>
    total = sum(_snapshot(value[phase],manifest['limits']) for phase in _PHASES)
                ^^^^^^^^^^^^^^^^^^^^^^^^^^^^^^^^^^^^^^^^^^
  File "[workspace]/sqlitefolio/src/sqlitefolio/verify.py", line 317, in _snapshot
    _require(('table',name) in identities, 'table without matching schema object')
  File "[workspace]/sqlitefolio/src/sqlitefolio/verify.py", line 42, in _require
    raise VerificationError(reason)
sqlitefolio.verify.VerificationError: table without matching schema object

======================================================================
ERROR: test_long_exact_native_error_message_is_allowed_within_evidence_cap (test_verifier.VerifierAdditionalTests.test_long_exact_native_error_message_is_allowed_within_evidence_cap)
----------------------------------------------------------------------
Traceback (most recent call last):
  File "[workspace]/sqlitefolio/tests/test_verifier.py", line 219, in test_long_exact_native_error_message_is_allowed_within_evidence_cap
    self.assertEqual(self.reconstruct(manifest(),[raw])[0]['status'],'execution_error')
                     ^^^^^^^^^^^^^^^^^^^^^^^^^^^^^^^^^^
  File "[workspace]/sqlitefolio/src/sqlitefolio/verify.py", line 521, in reconstruct
    _validate_candidate(actual,manifest)
  File "[workspace]/sqlitefolio/src/sqlitefolio/verify.py", line 366, in _validate_candidate
    _error(ex['error'],nullable=ex['status'] in ('completed','open_transaction'))
  File "[workspace]/sqlitefolio/src/sqlitefolio/verify.py", line 96, in _error
    _string(value['message'], empty=True)
  File "[workspace]/sqlitefolio/src/sqlitefolio/verify.py", line 63, in _string
    _require(len(value.encode('utf-8')) <= maximum, 'text exceeds byte limit')
  File "[workspace]/sqlitefolio/src/sqlitefolio/verify.py", line 42, in _require
    raise VerificationError(reason)
sqlitefolio.verify.VerificationError: text exceeds byte limit

======================================================================
FAIL: test_lexical_symlink_component_is_rejected_even_before_dotdot (test_verifier.VerifierAdditionalTests.test_lexical_symlink_component_is_rejected_even_before_dotdot)
----------------------------------------------------------------------
Traceback (most recent call last):
  File "[workspace]/sqlitefolio/tests/test_verifier.py", line 225, in test_lexical_symlink_component_is_rejected_even_before_dotdot
    self.assertFalse(self.verify(base/'link/../packet')['valid'])
AssertionError: True is not false

======================================================================
FAIL: test_original_repeated_filename_must_retain_identical_bytes (test_verifier.VerifierAdditionalTests.test_original_repeated_filename_must_retain_identical_bytes)
----------------------------------------------------------------------
Traceback (most recent call last):
  File "[workspace]/sqlitefolio/tests/test_verifier.py", line 236, in test_original_repeated_filename_must_retain_identical_bytes
    self.assertFalse(self.verify(root)['valid'])
AssertionError: True is not false

----------------------------------------------------------------------
Ran 29 tests in 0.045s

FAILED (failures=2, errors=2)
