test_all_nonquery_invariants_reconstructed_from_facts (test_verifier.VerifierAdditionalTests.test_all_nonquery_invariants_reconstructed_from_facts) ... ok
test_complete_baselines_agree_even_with_missing_failure_baseline (test_verifier.VerifierAdditionalTests.test_complete_baselines_agree_even_with_missing_failure_baseline) ... ok
test_db_digest_is_declared_without_sample_and_checked_with_sample (test_verifier.VerifierAdditionalTests.test_db_digest_is_declared_without_sample_and_checked_with_sample) ... ok
test_incomplete_metadata_does_not_require_complete_object_correspondence (test_verifier.VerifierAdditionalTests.test_incomplete_metadata_does_not_require_complete_object_correspondence) ... ok
test_lexical_symlink_component_is_rejected_even_before_dotdot (test_verifier.VerifierAdditionalTests.test_lexical_symlink_component_is_rejected_even_before_dotdot) ... ok
test_long_exact_native_error_message_is_allowed_within_evidence_cap (test_verifier.VerifierAdditionalTests.test_long_exact_native_error_message_is_allowed_within_evidence_cap) ... ok
test_original_repeated_filename_must_retain_identical_bytes (test_verifier.VerifierAdditionalTests.test_original_repeated_filename_must_retain_identical_bytes) ... ok
test_query_equals_ignores_baseline_errors_and_required_notrun_is_incomplete (test_verifier.VerifierAdditionalTests.test_query_equals_ignores_baseline_errors_and_required_notrun_is_incomplete) ... ok
test_boolean_number_summary_substitution_is_rejected (test_verifier.VerifierBoundaryTests.test_boolean_number_summary_substitution_is_rejected) ... ok
test_complete_packet_passes_structural_checks (test_verifier.VerifierBoundaryTests.test_complete_packet_passes_structural_checks) ... ok
test_empty_partial_diagnostics_is_valid_incomplete (test_verifier.VerifierBoundaryTests.test_empty_partial_diagnostics_is_valid_incomplete) ... ok
test_evidence_limit_enforced_with_minimal_error_envelope_exception (test_verifier.VerifierBoundaryTests.test_evidence_limit_enforced_with_minimal_error_envelope_exception) ... ok
test_extra_directory_file_symlink_and_hardlink_rejected (test_verifier.VerifierBoundaryTests.test_extra_directory_file_symlink_and_hardlink_rejected) ... ok
test_open_transaction_null_error_is_valid_nonpassing (test_verifier.VerifierBoundaryTests.test_open_transaction_null_error_is_valid_nonpassing) ... ok
test_partial_error_packet_valid_but_never_zero (test_verifier.VerifierBoundaryTests.test_partial_error_packet_valid_but_never_zero) ... ok
test_rehashed_false_summary_fails_despite_matching_html (test_verifier.VerifierBoundaryTests.test_rehashed_false_summary_fails_despite_matching_html) ... ok
test_rehashed_original_manifest_semantics_must_match (test_verifier.VerifierBoundaryTests.test_rehashed_original_manifest_semantics_must_match) ... ok
test_report_and_manifest_bytes_are_exact (test_verifier.VerifierBoundaryTests.test_report_and_manifest_bytes_are_exact) ... ok
test_sql_packet_cannot_claim_included_database (test_verifier.VerifierBoundaryTests.test_sql_packet_cannot_claim_included_database) ... ok
test_execution_kind_and_status_must_be_consistent (test_verifier.VerifierFinalContractTests.test_execution_kind_and_status_must_be_consistent) ... 
  test_execution_kind_and_status_must_be_consistent (test_verifier.VerifierFinalContractTests.test_execution_kind_and_status_must_be_consistent) (status='sqlite_error') ... FAIL
  test_execution_kind_and_status_must_be_consistent (test_verifier.VerifierFinalContractTests.test_execution_kind_and_status_must_be_consistent) (status='resource_limit') ... FAIL
  test_execution_kind_and_status_must_be_consistent (test_verifier.VerifierFinalContractTests.test_execution_kind_and_status_must_be_consistent) (status='unsupported') ... FAIL
  test_execution_kind_and_status_must_be_consistent (test_verifier.VerifierFinalContractTests.test_execution_kind_and_status_must_be_consistent) (status='worker_error') ... FAIL
  test_execution_kind_and_status_must_be_consistent (test_verifier.VerifierFinalContractTests.test_execution_kind_and_status_must_be_consistent) (status='source_changed') ... FAIL
  test_execution_kind_and_status_must_be_consistent (test_verifier.VerifierFinalContractTests.test_execution_kind_and_status_must_be_consistent) (status='open_transaction') ... FAIL
test_expanded_runtime_identity_is_required (test_verifier.VerifierFinalContractTests.test_expanded_runtime_identity_is_required) ... ok
test_metadata_rows_count_toward_total_observation_budget (test_verifier.VerifierFinalContractTests.test_metadata_rows_count_toward_total_observation_budget) ... FAIL
test_native_metadata_strings_are_not_typed_cell_payloads (test_verifier.VerifierFinalContractTests.test_native_metadata_strings_are_not_typed_cell_payloads) ... ERROR
test_row_count_expectation_may_exceed_observation_cap (test_verifier.VerifierFinalContractTests.test_row_count_expectation_may_exceed_observation_cap) ... ERROR
test_before_profile_runtime_group_identity (test_verifier.VerifierTests.test_before_profile_runtime_group_identity) ... ok
test_incomplete_snapshot_has_no_numeric_changes (test_verifier.VerifierTests.test_incomplete_snapshot_has_no_numeric_changes) ... ok
test_malformed_packet_returns_controlled_failure (test_verifier.VerifierTests.test_malformed_packet_returns_controlled_failure) ... ok
test_missing_query_phase_rejected (test_verifier.VerifierTests.test_missing_query_phase_rejected) ... ok
test_no_common_columns_never_claims_row_loss (test_verifier.VerifierTests.test_no_common_columns_never_claims_row_loss) ... ok
test_query_boolean_does_not_use_python_truthiness (test_verifier.VerifierTests.test_query_boolean_does_not_use_python_truthiness) ... ok
test_query_preserved_bag_is_typed_multiset (test_verifier.VerifierTests.test_query_preserved_bag_is_typed_multiset) ... ok
test_reconstructs_duplicate_projection_counts_and_every_summary_field (test_verifier.VerifierTests.test_reconstructs_duplicate_projection_counts_and_every_summary_field) ... ok
test_rejects_raw_shape_and_typed_cell_forgeries (test_verifier.VerifierTests.test_rejects_raw_shape_and_typed_cell_forgeries) ... ok
test_view_and_native_diagnostic_errors_never_pass (test_verifier.VerifierTests.test_view_and_native_diagnostic_errors_never_pass) ... ok

======================================================================
ERROR: test_native_metadata_strings_are_not_typed_cell_payloads (test_verifier.VerifierFinalContractTests.test_native_metadata_strings_are_not_typed_cell_payloads)
----------------------------------------------------------------------
Traceback (most recent call last):
  File "[workspace]/sqlitefolio/tests/test_verifier.py", line 310, in test_native_metadata_strings_are_not_typed_cell_payloads
    self.assertEqual(self.reconstruct(manifest(),[raw])[0]['status'],'pass')
                     ^^^^^^^^^^^^^^^^^^^^^^^^^^^^^^^^^^
  File "[workspace]/sqlitefolio/src/sqlitefolio/verify.py", line 523, in reconstruct
    _validate_candidate(actual,manifest)
  File "[workspace]/sqlitefolio/src/sqlitefolio/verify.py", line 379, in _validate_candidate
    total = sum(_snapshot(value[phase],manifest['limits']) for phase in _PHASES)
            ^^^^^^^^^^^^^^^^^^^^^^^^^^^^^^^^^^^^^^^^^^^^^^^^^^^^^^^^^^^^^^^^^^^^
  File "[workspace]/sqlitefolio/src/sqlitefolio/verify.py", line 379, in <genexpr>
    total = sum(_snapshot(value[phase],manifest['limits']) for phase in _PHASES)
                ^^^^^^^^^^^^^^^^^^^^^^^^^^^^^^^^^^^^^^^^^^
  File "[workspace]/sqlitefolio/src/sqlitefolio/verify.py", line 320, in _snapshot
    count += _table(name,table,limits)
             ^^^^^^^^^^^^^^^^^^^^^^^^^
  File "[workspace]/sqlitefolio/src/sqlitefolio/verify.py", line 257, in _table
    _string(row[4], empty=True)
  File "[workspace]/sqlitefolio/src/sqlitefolio/verify.py", line 63, in _string
    _require(len(value.encode('utf-8')) <= maximum, 'text exceeds byte limit')
  File "[workspace]/sqlitefolio/src/sqlitefolio/verify.py", line 42, in _require
    raise VerificationError(reason)
sqlitefolio.verify.VerificationError: text exceeds byte limit

======================================================================
ERROR: test_row_count_expectation_may_exceed_observation_cap (test_verifier.VerifierFinalContractTests.test_row_count_expectation_may_exceed_observation_cap)
----------------------------------------------------------------------
Traceback (most recent call last):
  File "[workspace]/sqlitefolio/tests/test_verifier.py", line 290, in test_row_count_expectation_may_exceed_observation_cap
    out=self.reconstruct(manifest(checks),[candidate()])[0]
        ^^^^^^^^^^^^^^^^^^^^^^^^^^^^^^^^^^^^^^^^^^^^^^^^
  File "[workspace]/sqlitefolio/src/sqlitefolio/verify.py", line 519, in reconstruct
    manifest = _manifest(input_manifest)
               ^^^^^^^^^^^^^^^^^^^^^^^^^
  File "[workspace]/sqlitefolio/src/sqlitefolio/verify.py", line 213, in _manifest
    _integer(check['expected'], 0, 10000)
  File "[workspace]/sqlitefolio/src/sqlitefolio/verify.py", line 72, in _integer
    _require(type(value) is int and low <= value <= high, 'invalid integer metadata')
  File "[workspace]/sqlitefolio/src/sqlitefolio/verify.py", line 42, in _require
    raise VerificationError(reason)
sqlitefolio.verify.VerificationError: invalid integer metadata

======================================================================
FAIL: test_execution_kind_and_status_must_be_consistent (test_verifier.VerifierFinalContractTests.test_execution_kind_and_status_must_be_consistent) (status='sqlite_error')
----------------------------------------------------------------------
Traceback (most recent call last):
  File "[workspace]/sqlitefolio/tests/test_verifier.py", line 286, in test_execution_kind_and_status_must_be_consistent
    with self.assertRaises(ValueError): self.reconstruct(manifest(),[raw])
         ^^^^^^^^^^^^^^^^^^^^^^^^^^^^^
AssertionError: ValueError not raised

======================================================================
FAIL: test_execution_kind_and_status_must_be_consistent (test_verifier.VerifierFinalContractTests.test_execution_kind_and_status_must_be_consistent) (status='resource_limit')
----------------------------------------------------------------------
Traceback (most recent call last):
  File "[workspace]/sqlitefolio/tests/test_verifier.py", line 286, in test_execution_kind_and_status_must_be_consistent
    with self.assertRaises(ValueError): self.reconstruct(manifest(),[raw])
         ^^^^^^^^^^^^^^^^^^^^^^^^^^^^^
AssertionError: ValueError not raised

======================================================================
FAIL: test_execution_kind_and_status_must_be_consistent (test_verifier.VerifierFinalContractTests.test_execution_kind_and_status_must_be_consistent) (status='unsupported')
----------------------------------------------------------------------
Traceback (most recent call last):
  File "[workspace]/sqlitefolio/tests/test_verifier.py", line 286, in test_execution_kind_and_status_must_be_consistent
    with self.assertRaises(ValueError): self.reconstruct(manifest(),[raw])
         ^^^^^^^^^^^^^^^^^^^^^^^^^^^^^
AssertionError: ValueError not raised

======================================================================
FAIL: test_execution_kind_and_status_must_be_consistent (test_verifier.VerifierFinalContractTests.test_execution_kind_and_status_must_be_consistent) (status='worker_error')
----------------------------------------------------------------------
Traceback (most recent call last):
  File "[workspace]/sqlitefolio/tests/test_verifier.py", line 286, in test_execution_kind_and_status_must_be_consistent
    with self.assertRaises(ValueError): self.reconstruct(manifest(),[raw])
         ^^^^^^^^^^^^^^^^^^^^^^^^^^^^^
AssertionError: ValueError not raised

======================================================================
FAIL: test_execution_kind_and_status_must_be_consistent (test_verifier.VerifierFinalContractTests.test_execution_kind_and_status_must_be_consistent) (status='source_changed')
----------------------------------------------------------------------
Traceback (most recent call last):
  File "[workspace]/sqlitefolio/tests/test_verifier.py", line 286, in test_execution_kind_and_status_must_be_consistent
    with self.assertRaises(ValueError): self.reconstruct(manifest(),[raw])
         ^^^^^^^^^^^^^^^^^^^^^^^^^^^^^
AssertionError: ValueError not raised

======================================================================
FAIL: test_execution_kind_and_status_must_be_consistent (test_verifier.VerifierFinalContractTests.test_execution_kind_and_status_must_be_consistent) (status='open_transaction')
----------------------------------------------------------------------
Traceback (most recent call last):
  File "[workspace]/sqlitefolio/tests/test_verifier.py", line 286, in test_execution_kind_and_status_must_be_consistent
    with self.assertRaises(ValueError): self.reconstruct(manifest(),[raw])
         ^^^^^^^^^^^^^^^^^^^^^^^^^^^^^
AssertionError: ValueError not raised

======================================================================
FAIL: test_metadata_rows_count_toward_total_observation_budget (test_verifier.VerifierFinalContractTests.test_metadata_rows_count_toward_total_observation_budget)
----------------------------------------------------------------------
Traceback (most recent call last):
  File "[workspace]/sqlitefolio/tests/test_verifier.py", line 304, in test_metadata_rows_count_toward_total_observation_budget
    with self.assertRaises(ValueError): self.reconstruct(manifest(),[raw])
         ^^^^^^^^^^^^^^^^^^^^^^^^^^^^^
AssertionError: ValueError not raised

----------------------------------------------------------------------
Ran 34 tests in 1.162s

FAILED (failures=7, errors=2)
