test_boolean_number_summary_substitution_is_rejected (test_verifier.VerifierBoundaryTests.test_boolean_number_summary_substitution_is_rejected) ... ok
test_complete_packet_passes_structural_checks (test_verifier.VerifierBoundaryTests.test_complete_packet_passes_structural_checks) ... ok
test_empty_partial_diagnostics_is_valid_incomplete (test_verifier.VerifierBoundaryTests.test_empty_partial_diagnostics_is_valid_incomplete) ... ok
test_evidence_limit_enforced_with_minimal_error_envelope_exception (test_verifier.VerifierBoundaryTests.test_evidence_limit_enforced_with_minimal_error_envelope_exception) ... ok
test_extra_directory_file_symlink_and_hardlink_rejected (test_verifier.VerifierBoundaryTests.test_extra_directory_file_symlink_and_hardlink_rejected) ... ok
test_open_transaction_null_error_is_valid_nonpassing (test_verifier.VerifierBoundaryTests.test_open_transaction_null_error_is_valid_nonpassing) ... ok
test_partial_error_packet_valid_but_never_zero (test_verifier.VerifierBoundaryTests.test_partial_error_packet_valid_but_never_zero) ... ok
test_rehashed_false_summary_fails_despite_matching_html (test_verifier.VerifierBoundaryTests.test_rehashed_false_summary_fails_despite_matching_html) ... ok
test_rehashed_original_manifest_semantics_must_match (test_verifier.VerifierBoundaryTests.test_rehashed_original_manifest_semantics_must_match) ... ok
test_report_and_manifest_bytes_are_exact (test_verifier.VerifierBoundaryTests.test_report_and_manifest_bytes_are_exact) ... ok
test_sql_packet_cannot_claim_included_database (test_verifier.VerifierBoundaryTests.test_sql_packet_cannot_claim_included_database) ... ok
test_before_profile_runtime_group_identity (test_verifier.VerifierTests.test_before_profile_runtime_group_identity) ... ok
test_incomplete_snapshot_has_no_numeric_changes (test_verifier.VerifierTests.test_incomplete_snapshot_has_no_numeric_changes) ... ok
test_malformed_packet_returns_controlled_failure (test_verifier.VerifierTests.test_malformed_packet_returns_controlled_failure) ... ok
test_missing_query_phase_rejected (test_verifier.VerifierTests.test_missing_query_phase_rejected) ... ok
test_no_common_columns_never_claims_row_loss (test_verifier.VerifierTests.test_no_common_columns_never_claims_row_loss) ... ok
test_query_boolean_does_not_use_python_truthiness (test_verifier.VerifierTests.test_query_boolean_does_not_use_python_truthiness) ... ok
test_query_preserved_bag_is_typed_multiset (test_verifier.VerifierTests.test_query_preserved_bag_is_typed_multiset) ... ok
test_reconstructs_duplicate_projection_counts_and_every_summary_field (test_verifier.VerifierTests.test_reconstructs_duplicate_projection_counts_and_every_summary_field) ... ok
test_rejects_raw_shape_and_typed_cell_forgeries (test_verifier.VerifierTests.test_rejects_raw_shape_and_typed_cell_forgeries) ... ok
test_view_and_native_diagnostic_errors_never_pass (test_verifier.VerifierTests.test_view_and_native_diagnostic_errors_never_pass) ... ok

----------------------------------------------------------------------
Ran 21 tests in 0.034s

OK
